Archive member included to satisfy reference by file (symbol)

C:/ST/STM32CubeIDE_1.16.1/STM32CubeIDE/plugins/com.st.stm32cube.ide.mcu.externaltools.gnu-tools-for-stm32.12.3.rel1.win32_1.1.0.202410251130/tools/bin/../lib/gcc/arm-none-eabi/12.3.1/../../../../arm-none-eabi/lib/thumb/v7e-m+fp/hard\libc_nano.a(libc_a-exit.o)
                              C:/ST/STM32CubeIDE_1.16.1/STM32CubeIDE/plugins/com.st.stm32cube.ide.mcu.externaltools.gnu-tools-for-stm32.12.3.rel1.win32_1.1.0.202410251130/tools/bin/../lib/gcc/arm-none-eabi/12.3.1/../../../../arm-none-eabi/lib/thumb/v7e-m+fp/hard/crt0.o (exit)
C:/ST/STM32CubeIDE_1.16.1/STM32CubeIDE/plugins/com.st.stm32cube.ide.mcu.externaltools.gnu-tools-for-stm32.12.3.rel1.win32_1.1.0.202410251130/tools/bin/../lib/gcc/arm-none-eabi/12.3.1/../../../../arm-none-eabi/lib/thumb/v7e-m+fp/hard\libc_nano.a(libc_a-findfp.o)
                              C:/ST/STM32CubeIDE_1.16.1/STM32CubeIDE/plugins/com.st.stm32cube.ide.mcu.externaltools.gnu-tools-for-stm32.12.3.rel1.win32_1.1.0.202410251130/tools/bin/../lib/gcc/arm-none-eabi/12.3.1/../../../../arm-none-eabi/lib/thumb/v7e-m+fp/hard\libc_nano.a(libc_a-exit.o) (__stdio_exit_handler)
C:/ST/STM32CubeIDE_1.16.1/STM32CubeIDE/plugins/com.st.stm32cube.ide.mcu.externaltools.gnu-tools-for-stm32.12.3.rel1.win32_1.1.0.202410251130/tools/bin/../lib/gcc/arm-none-eabi/12.3.1/../../../../arm-none-eabi/lib/thumb/v7e-m+fp/hard\libc_nano.a(libc_a-fwalk.o)
                              C:/ST/STM32CubeIDE_1.16.1/STM32CubeIDE/plugins/com.st.stm32cube.ide.mcu.externaltools.gnu-tools-for-stm32.12.3.rel1.win32_1.1.0.202410251130/tools/bin/../lib/gcc/arm-none-eabi/12.3.1/../../../../arm-none-eabi/lib/thumb/v7e-m+fp/hard\libc_nano.a(libc_a-findfp.o) (_fwalk_sglue)
C:/ST/STM32CubeIDE_1.16.1/STM32CubeIDE/plugins/com.st.stm32cube.ide.mcu.externaltools.gnu-tools-for-stm32.12.3.rel1.win32_1.1.0.202410251130/tools/bin/../lib/gcc/arm-none-eabi/12.3.1/../../../../arm-none-eabi/lib/thumb/v7e-m+fp/hard\libc_nano.a(libc_a-printf.o)
                              ./Core/Src/main.o (printf)
C:/ST/STM32CubeIDE_1.16.1/STM32CubeIDE/plugins/com.st.stm32cube.ide.mcu.externaltools.gnu-tools-for-stm32.12.3.rel1.win32_1.1.0.202410251130/tools/bin/../lib/gcc/arm-none-eabi/12.3.1/../../../../arm-none-eabi/lib/thumb/v7e-m+fp/hard\libc_nano.a(libc_a-puts.o)
                              ./Core/Src/main.o (puts)
C:/ST/STM32CubeIDE_1.16.1/STM32CubeIDE/plugins/com.st.stm32cube.ide.mcu.externaltools.gnu-tools-for-stm32.12.3.rel1.win32_1.1.0.202410251130/tools/bin/../lib/gcc/arm-none-eabi/12.3.1/../../../../arm-none-eabi/lib/thumb/v7e-m+fp/hard\libc_nano.a(libc_a-sprintf.o)
                              ./USB_DEVICE/App/usbd_cdc_if.o (sprintf)
C:/ST/STM32CubeIDE_1.16.1/STM32CubeIDE/plugins/com.st.stm32cube.ide.mcu.externaltools.gnu-tools-for-stm32.12.3.rel1.win32_1.1.0.202410251130/tools/bin/../lib/gcc/arm-none-eabi/12.3.1/../../../../arm-none-eabi/lib/thumb/v7e-m+fp/hard\libc_nano.a(libc_a-sscanf.o)
                              ./USB_DEVICE/App/usbd_cdc_if.o (sscanf)
C:/ST/STM32CubeIDE_1.16.1/STM32CubeIDE/plugins/com.st.stm32cube.ide.mcu.externaltools.gnu-tools-for-stm32.12.3.rel1.win32_1.1.0.202410251130/tools/bin/../lib/gcc/arm-none-eabi/12.3.1/../../../../arm-none-eabi/lib/thumb/v7e-m+fp/hard\libc_nano.a(libc_a-stdio.o)
                              C:/ST/STM32CubeIDE_1.16.1/STM32CubeIDE/plugins/com.st.stm32cube.ide.mcu.externaltools.gnu-tools-for-stm32.12.3.rel1.win32_1.1.0.202410251130/tools/bin/../lib/gcc/arm-none-eabi/12.3.1/../../../../arm-none-eabi/lib/thumb/v7e-m+fp/hard\libc_nano.a(libc_a-findfp.o) (__sread)
C:/ST/STM32CubeIDE_1.16.1/STM32CubeIDE/plugins/com.st.stm32cube.ide.mcu.externaltools.gnu-tools-for-stm32.12.3.rel1.win32_1.1.0.202410251130/tools/bin/../lib/gcc/arm-none-eabi/12.3.1/../../../../arm-none-eabi/lib/thumb/v7e-m+fp/hard\libc_nano.a(libc_a-wbuf.o)
                              C:/ST/STM32CubeIDE_1.16.1/STM32CubeIDE/plugins/com.st.stm32cube.ide.mcu.externaltools.gnu-tools-for-stm32.12.3.rel1.win32_1.1.0.202410251130/tools/bin/../lib/gcc/arm-none-eabi/12.3.1/../../../../arm-none-eabi/lib/thumb/v7e-m+fp/hard\libc_nano.a(libc_a-puts.o) (__swbuf_r)
C:/ST/STM32CubeIDE_1.16.1/STM32CubeIDE/plugins/com.st.stm32cube.ide.mcu.externaltools.gnu-tools-for-stm32.12.3.rel1.win32_1.1.0.202410251130/tools/bin/../lib/gcc/arm-none-eabi/12.3.1/../../../../arm-none-eabi/lib/thumb/v7e-m+fp/hard\libc_nano.a(libc_a-wsetup.o)
                              C:/ST/STM32CubeIDE_1.16.1/STM32CubeIDE/plugins/com.st.stm32cube.ide.mcu.externaltools.gnu-tools-for-stm32.12.3.rel1.win32_1.1.0.202410251130/tools/bin/../lib/gcc/arm-none-eabi/12.3.1/../../../../arm-none-eabi/lib/thumb/v7e-m+fp/hard\libc_nano.a(libc_a-puts.o) (__swsetup_r)
C:/ST/STM32CubeIDE_1.16.1/STM32CubeIDE/plugins/com.st.stm32cube.ide.mcu.externaltools.gnu-tools-for-stm32.12.3.rel1.win32_1.1.0.202410251130/tools/bin/../lib/gcc/arm-none-eabi/12.3.1/../../../../arm-none-eabi/lib/thumb/v7e-m+fp/hard\libc_nano.a(libc_a-memset.o)
[...]
Memory Configuration

Name             Origin             Length             Attributes
RAM              0x20000000         0x00050000         xrw
RAM2             0x10000000         0x00010000         xrw
RAM3             0x20030000         0x00020000         xrw
FLASH            0x08000000         0x00080000         xr
*default*        0x00000000         0xffffffff

Linker script and memory map

LOAD C:/ST/STM32CubeIDE_1.16.1/STM32CubeIDE/plugins/com.st.stm32cube.ide.mcu.externaltools.gnu-tools-for-stm32.12.3.rel1.win32_1.1.0.202410251130/tools/bin/../lib/gcc/arm-none-eabi/12.3.1/thumb/v7e-m+fp/hard/crti.o
LOAD C:/ST/STM32CubeIDE_1.16.1/STM32CubeIDE/plugins/com.st.stm32cube.ide.mcu.externaltools.gnu-tools-for-stm32.12.3.rel1.win32_1.1.0.202410251130/tools/bin/../lib/gcc/arm-none-eabi/12.3.1/thumb/v7e-m+fp/hard/crtbegin.o
LOAD C:/ST/STM32CubeIDE_1.16.1/STM32CubeIDE/plugins/com.st.stm32cube.ide.mcu.externaltools.gnu-tools-for-stm32.12.3.rel1.win32_1.1.0.202410251130/tools/bin/../lib/gcc/arm-none-eabi/12.3.1/../../../../arm-none-eabi/lib/thumb/v7e-m+fp/hard/crt0.o
LOAD ./Core/Src/main.o
LOAD ./Core/Src/stm32l4xx_hal_msp.o
LOAD ./Core/Src/stm32l4xx_it.o
LOAD ./Core/Src/syscalls.o
LOAD ./Core/Src/sysmem.o
LOAD ./Core/Src/system_stm32l4xx.o
LOAD ./Core/Startup/startup_stm32l4p5cetx.o
LOAD ./Drivers/STM32L4xx_HAL_Driver/Src/stm32l4xx_hal.o
LOAD ./Drivers/STM32L4xx_HAL_Driver/Src/stm32l4xx_hal_cortex.o
LOAD ./Drivers/STM32L4xx_HAL_Driver/Src/stm32l4xx_hal_dma.o
LOAD ./Drivers/STM32L4xx_HAL_Driver/Src/stm32l4xx_hal_dma_ex.o
LOAD ./Drivers/STM32L4xx_HAL_Driver/Src/stm32l4xx_hal_exti.o
LOAD ./Drivers/STM32L4xx_HAL_Driver/Src/stm32l4xx_hal_flash.o
LOAD ./Drivers/STM32L4xx_HAL_Driver/Src/stm32l4xx_hal_flash_ex.o
LOAD ./Drivers/STM32L4xx_HAL_Driver/Src/stm32l4xx_hal_flash_ramfunc.o
LOAD ./Drivers/STM32L4xx_HAL_Driver/Src/stm32l4xx_hal_gpio.o
LOAD ./Drivers/STM32L4xx_HAL_Driver/Src/stm32l4xx_hal_i2c.o
LOAD ./Drivers/STM32L4xx_HAL_Driver/Src/stm32l4xx_hal_i2c_ex.o
LOAD ./Drivers/STM32L4xx_HAL_Driver/Src/stm32l4xx_hal_pcd.o
LOAD ./Drivers/STM32L4xx_HAL_Driver/Src/stm32l4xx_hal_pcd_ex.o
LOAD ./Drivers/STM32L4xx_HAL_Driver/Src/stm32l4xx_hal_pwr.o
LOAD ./Drivers/STM32L4xx_HAL_Driver/Src/stm32l4xx_hal_pwr_ex.o
LOAD ./Drivers/STM32L4xx_HAL_Driver/Src/stm32l4xx_hal_rcc.o
LOAD ./Drivers/STM32L4xx_HAL_Driver/Src/stm32l4xx_hal_rcc_ex.o
LOAD ./Drivers/STM32L4xx_HAL_Driver/Src/stm32l4xx_hal_tim.o
LOAD ./Drivers/STM32L4xx_HAL_Driver/Src/stm32l4xx_hal_tim_ex.o
LOAD ./Drivers/STM32L4xx_HAL_Driver/Src/stm32l4xx_ll_usb.o
LOAD ./Middlewares/ST/STM32_USB_Device_Library/Class/CDC/Src/usbd_cdc.o
LOAD ./Middlewares/ST/STM32_USB_Device_Library/Core/Src/usbd_core.o
LOAD ./Middlewares/ST/STM32_USB_Device_Library/Core/Src/usbd_ctlreq.o
LOAD ./Middlewares/ST/STM32_USB_Device_Library/Core/Src/usbd_ioreq.o
LOAD ./USB_DEVICE/App/usb_device.o
LOAD ./USB_DEVICE/App/usbd_cdc_if.o
LOAD ./USB_DEVICE/App/usbd_desc.o
LOAD ./USB_DEVICE/Target/usbd_conf.o
START GROUP
LOAD C:/ST/STM32CubeIDE_1.16.1/STM32CubeIDE/plugins/com.st.stm32cube.ide.mcu.externaltools.gnu-tools-for-stm32.12.3.rel1.win32_1.1.0.202410251130/tools/bin/../lib/gcc/arm-none-eabi/12.3.1/../../../../arm-none-eabi/lib/thumb/v7e-m+fp/hard\libc_nano.a
LOAD C:/ST/STM32CubeIDE_1.16.1/STM32CubeIDE/plugins/com.st.stm32cube.ide.mcu.externaltools.gnu-tools-for-stm32.12.3.rel1.win32_1.1.0.202410251130/tools/bin/../lib/gcc/arm-none-eabi/12.3.1/../../../../arm-none-eabi/lib/thumb/v7e-m+fp/hard\libm.a
END GROUP
START GROUP
LOAD C:/ST/STM32CubeIDE_1.16.1/STM32CubeIDE/plugins/com.st.stm32cube.ide.mcu.externaltools.gnu-tools-for-stm32.12.3.rel1.win32_1.1.0.202410251130/tools/bin/../lib/gcc/arm-none-eabi/12.3.1/thumb/v7e-m+fp/hard\libgcc.a
LOAD C:/ST/STM32CubeIDE_1.16.1/STM32CubeIDE/plugins/com.st.stm32cube.ide.mcu.externaltools.gnu-tools-for-stm32.12.3.rel1.win32_1.1.0.202410251130/tools/bin/../lib/gcc/arm-none-eabi/12.3.1/../../../../arm-none-eabi/lib/thumb/v7e-m+fp/hard\libc_nano.a
END GROUP
START GROUP
LOAD C:/ST/STM32CubeIDE_1.16.1/STM32CubeIDE/plugins/com.st.stm32cube.ide.mcu.externaltools.gnu-tools-for-stm32.12.3.rel1.win32_1.1.0.202410251130/tools/bin/../lib/gcc/arm-none-eabi/12.3.1/thumb/v7e-m+fp/hard\libgcc.a
LOAD C:/ST/STM32CubeIDE_1.16.1/STM32CubeIDE/plugins/com.st.stm32cube.ide.mcu.externaltools.gnu-tools-for-stm32.12.3.rel1.win32_1.1.0.202410251130/tools/bin/../lib/gcc/arm-none-eabi/12.3.1/../../../../arm-none-eabi/lib/thumb/v7e-m+fp/hard\libc_nano.a
LOAD C:/ST/STM32CubeIDE_1.16.1/STM32CubeIDE/plugins/com.st.stm32cube.ide.mcu.externaltools.gnu-tools-for-stm32.12.3.rel1.win32_1.1.0.202410251130/tools/bin/../lib/gcc/arm-none-eabi/12.3.1/../../../../arm-none-eabi/lib/thumb/v7e-m+fp/hard\libnosys.a
END GROUP
START GROUP
LOAD C:/ST/STM32CubeIDE_1.16.1/STM32CubeIDE/plugins/com.st.stm32cube.ide.mcu.externaltools.gnu-tools-for-stm32.12.3.rel1.win32_1.1.0.202410251130/tools/bin/../lib/gcc/arm-none-eabi/12.3.1/thumb/v7e-m+fp/hard\libgcc.a
LOAD C:/ST/STM32CubeIDE_1.16.1/STM32CubeIDE/plugins/com.st.stm32cube.ide.mcu.externaltools.gnu-tools-for-stm32.12.3.rel1.win32_1.1.0.202410251130/tools/bin/../lib/gcc/arm-none-eabi/12.3.1/../../../../arm-none-eabi/lib/thumb/v7e-m+fp/hard\libc_nano.a
LOAD C:/ST/STM32CubeIDE_1.16.1/STM32CubeIDE/plugins/com.st.stm32cube.ide.mcu.externaltools.gnu-tools-for-stm32.12.3.rel1.win32_1.1.0.202410251130/tools/bin/../lib/gcc/arm-none-eabi/12.3.1/../../../../arm-none-eabi/lib/thumb/v7e-m+fp/hard\libnosys.a
END GROUP
LOAD C:/ST/STM32CubeIDE_1.16.1/STM32CubeIDE/plugins/com.st.stm32cube.ide.mcu.externaltools.gnu-tools-for-stm32.12.3.rel1.win32_1.1.0.202410251130/tools/bin/../lib/gcc/arm-none-eabi/12.3.1/thumb/v7e-m+fp/hard/crtend.o
LOAD C:/ST/STM32CubeIDE_1.16.1/STM32CubeIDE/plugins/com.st.stm32cube.ide.mcu.externaltools.gnu-tools-for-stm32.12.3.rel1.win32_1.1.0.202410251130/tools/bin/../lib/gcc/arm-none-eabi/12.3.1/thumb/v7e-m+fp/hard/crtn.o
                0x20050000                        _estack = (ORIGIN (RAM) + LENGTH (RAM))
                0x00000200                        _Min_Heap_Size = 0x200
                0x00000400                        _Min_Stack_Size = 0x400

.isr_vector     0x08000000      0x1bc
                0x08000000                        . = ALIGN (0x4)
 *(.isr_vector)
 .isr_vector    0x08000000      0x1bc ./Core/Startup/startup_stm32l4p5cetx.o
                0x08000000                g_pfnVectors
                0x080001bc                        . = ALIGN (0x4)

.text           0x080001c0     0xb1c8
                0x080001c0                        . = ALIGN (0x4)
 *(.text)
 .text          0x080001c0       0x40 C:/ST/STM32CubeIDE_1.16.1/STM32CubeIDE/plugins/com.st.stm32cube.ide.mcu.externaltools.gnu-tools-for-stm32.12.3.rel1.win32_1.1.0.202410251130/tools/bin/../lib/gcc/arm-none-eabi/12.3.1/thumb/v7e-m+fp/hard/crtbegin.o
 .text          0x08000200       0x14 C:/ST/STM32CubeIDE_1.16.1/STM32CubeIDE/plugins/com.st.stm32cube.ide.mcu.externaltools.gnu-tools-for-stm32.12.3.rel1.win32_1.1.0.202410251130/tools/bin/../lib/gcc/arm-none-eabi/12.3.1/../../../../arm-none-eabi/lib/thumb/v7e-m+fp/hard\libc_nano.a(libc_a-strcmp.o)
                0x08000200                strcmp
 .text          0x08000214       0x10 C:/ST/STM32CubeIDE_1.16.1/STM32CubeIDE/plugins/com.st.stm32cube.ide.mcu.externaltools.gnu-tools-for-stm32.12.3.rel1.win32_1.1.0.202410251130/tools/bin/../lib/gcc/arm-none-eabi/12.3.1/../../../../arm-none-eabi/lib/thumb/v7e-m+fp/hard\libc_nano.a(libc_a-strlen.o)
                0x08000214                strlen
 *fill*         0x08000224        0xc 
 .text          0x08000230       0xa0 C:/ST/STM32CubeIDE_1.16.1/STM32CubeIDE/plugins/com.st.stm32cube.ide.mcu.externaltools.gnu-tools-for-stm32.12.3.rel1.win32_1.1.0.202410251130/tools/bin/../lib/gcc/arm-none-eabi/12.3.1/../../../../arm-none-eabi/lib/thumb/v7e-m+fp/hard\libc_nano.a(libc_a-memchr.o)
                0x08000230                memchr
 .text          0x080002d0      0x254 C:/ST/STM32CubeIDE_1.16.1/STM32CubeIDE/plugins/com.st.stm32cube.ide.mcu.externaltools.gnu-tools-for-stm32.12.3.rel1.win32_1.1.0.202410251130/tools/bin/../lib/gcc/arm-none-eabi/12.3.1/thumb/v7e-m+fp/hard\libgcc.a(_arm_muldf3.o)
                0x080002d0                __muldf3
                0x080002d0                __aeabi_dmul
 .text          0x08000524      0x378 C:/ST/STM32CubeIDE_1.16.1/STM32CubeIDE/plugins/com.st.stm32cube.ide.mcu.externaltools.gnu-tools-for-stm32.12.3.rel1.win32_1.1.0.202410251130/tools/bin/../lib/gcc/arm-none-eabi/12.3.1/thumb/v7e-m+fp/hard\libgcc.a(_arm_addsubdf3.o)
                0x08000524                __aeabi_drsub
                0x0800052c                __aeabi_dsub
                0x0800052c                __subdf3
                0x08000530                __aeabi_dadd
                0x08000530                __adddf3
                0x080007a8                __floatunsidf
                0x080007a8                __aeabi_ui2d
                0x080007c8                __floatsidf
                0x080007c8                __aeabi_i2d
                0x080007ec                __aeabi_f2d
                0x080007ec                __extendsfdf2
                0x08000830                __floatundidf
                0x08000830                __aeabi_ul2d
                0x08000840                __floatdidf
                0x08000840                __aeabi_l2d
 .text          0x0800089c       0x40 C:/ST/STM32CubeIDE_1.16.1/STM32CubeIDE/plugins/com.st.stm32cube.ide.mcu.externaltools.gnu-tools-for-stm32.12.3.rel1.win32_1.1.0.202410251130/tools/bin/../lib/gcc/arm-none-eabi/12.3.1/thumb/v7e-m+fp/hard\libgcc.a(_arm_fixunsdfsi.o)
                0x0800089c                __aeabi_d2uiz
                0x0800089c                __fixunsdfsi
 *(.text*)
 .text.main     0x080008dc       0x58 ./Core/Src/main.o
                0x080008dc                main
 .text.SystemClock_Config
                0x08000934       0x9c ./Core/Src/main.o
                0x08000934                SystemClock_Config
 .text.MX_TIM6_Init
                0x080009d0       0x6c ./Core/Src/main.o
 .text.MX_GPIO_Init
                0x08000a3c      0x154 ./Core/Src/main.o
 .text._write   0x08000b90       0x22 ./Core/Src/main.o
                0x08000b90                _write
 *fill*         0x08000bb2        0x2 
 .text.DWT_DelayInit
                0x08000bb4       0x30 ./Core/Src/main.o
 .text.Delay_us
                0x08000be4       0x48 ./Core/Src/main.o
 .text.HAL_TIM_PeriodElapsedCallback
                0x08000c2c       0x30 ./Core/Src/main.o
                0x08000c2c                HAL_TIM_PeriodElapsedCallback
 .text.HAL_GPIO_EXTI_Callback
                0x08000c5c       0xb8 ./Core/Src/main.o
                0x08000c5c                HAL_GPIO_EXTI_Callback
 .text.Update_LED
                0x08000d14       0x58 ./Core/Src/main.o
                0x08000d14                Update_LED
 .text.Timer6_test
                0x08000d6c       0x54 ./Core/Src/main.o
                0x08000d6c                Timer6_test
 .text.Get_timer6_us
                0x08000dc0       0x2c ./Core/Src/main.o
                0x08000dc0                Get_timer6_us
 .text.PumpCtrl
                0x08000dec      0x128 ./Core/Src/main.o
                0x08000dec                PumpCtrl
 .text.PumpGPIO
                0x08000f14      0x140 ./Core/Src/main.o
                0x08000f14                PumpGPIO
 .text.BootstrapCharge
                0x08001054       0x54 ./Core/Src/main.o
                0x08001054                BootstrapCharge
 .text.Pumpoff  0x080010a8       0xbc ./Core/Src/main.o
                0x080010a8                Pumpoff
 .text.Readflow
                0x08001164       0x84 ./Core/Src/main.o
                0x08001164                Readflow
 .text.ValveCtrl
                0x080011e8       0xe4 ./Core/Src/main.o
                0x080011e8                ValveCtrl
 .text.ValveGPIO
                0x080012cc      0x108 ./Core/Src/main.o
                0x080012cc                ValveGPIO
 .text.Error_Handler
                0x080013d4        0xc ./Core/Src/main.o
                0x080013d4                Error_Handler
 .text.HAL_MspInit
                0x080013e0       0x48 ./Core/Src/stm32l4xx_hal_msp.o
                0x080013e0                HAL_MspInit
 .text.HAL_TIM_Base_MspInit
                0x08001428       0x4c ./Core/Src/stm32l4xx_hal_msp.o
                0x08001428                HAL_TIM_Base_MspInit
 .text.NMI_Handler
                0x08001474        0x8 ./Core/Src/stm32l4xx_it.o
                0x08001474                NMI_Handler
 .text.HardFault_Handler
                0x0800147c        0x8 ./Core/Src/stm32l4xx_it.o
                0x0800147c                HardFault_Handler
 .text.MemManage_Handler
                0x08001484        0x8 ./Core/Src/stm32l4xx_it.o
                0x08001484                MemManage_Handler
 .text.BusFault_Handler
                0x0800148c        0x8 ./Core/Src/stm32l4xx_it.o
                0x0800148c                BusFault_Handler
 .text.UsageFault_Handler
                0x08001494        0x8 ./Core/Src/stm32l4xx_it.o
                0x08001494                UsageFault_Handler
 .text.SVC_Handler
                0x0800149c        0xe ./Core/Src/stm32l4xx_it.o
                0x0800149c                SVC_Handler
 .text.DebugMon_Handler
                0x080014aa        0xe ./Core/Src/stm32l4xx_it.o
                0x080014aa                DebugMon_Handler
 .text.PendSV_Handler
                0x080014b8        0xe ./Core/Src/stm32l4xx_it.o
                0x080014b8                PendSV_Handler
 .text.SysTick_Handler
                0x080014c6        0xc ./Core/Src/stm32l4xx_it.o
                0x080014c6                SysTick_Handler
 .text.EXTI9_5_IRQHandler
                0x080014d2       0x1e ./Core/Src/stm32l4xx_it.o
                0x080014d2                EXTI9_5_IRQHandler
 .text.TIM6_DAC_IRQHandler
                0x080014f0       0x14 ./Core/Src/stm32l4xx_it.o
                0x080014f0                TIM6_DAC_IRQHandler
 .text.OTG_FS_IRQHandler
                0x08001504       0x14 ./Core/Src/stm32l4xx_it.o
                0x08001504                OTG_FS_IRQHandler
 .text._read    0x08001518       0x3a ./Core/Src/syscalls.o
                0x08001518                _read
 .text._close   0x08001552       0x18 ./Core/Src/syscalls.o
                0x08001552                _close
 .text._fstat   0x0800156a       0x20 ./Core/Src/syscalls.o
                0x0800156a                _fstat
 .text._isatty  0x0800158a       0x16 ./Core/Src/syscalls.o
                0x0800158a                _isatty
 .text._lseek   0x080015a0       0x1a ./Core/Src/syscalls.o
                0x080015a0                _lseek
 *fill*         0x080015ba        0x2 
 .text._sbrk    0x080015bc       0x6c ./Core/Src/sysmem.o
                0x080015bc                _sbrk
 .text.SystemInit
                0x08001628       0x24 ./Core/Src/system_stm32l4xx.o
                0x08001628                SystemInit
 .text.Reset_Handler
                0x0800164c       0x50 ./Core/Startup/startup_stm32l4p5cetx.o
                0x0800164c                Reset_Handler
 .text.Default_Handler
                0x0800169c        0x2 ./Core/Startup/startup_stm32l4p5cetx.o
                0x0800169c                RTC_Alarm_IRQHandler
                0x0800169c                EXTI2_IRQHandler
                0x0800169c                TIM8_TRG_COM_IRQHandler
                0x0800169c                TIM8_CC_IRQHandler
                0x0800169c                TIM1_CC_IRQHandler
                0x0800169c                TSC_IRQHandler
                0x0800169c                TAMP_STAMP_IRQHandler
                0x0800169c                EXTI3_IRQHandler
                0x0800169c                LPTIM2_IRQHandler
                0x0800169c                DFSDM1_FLT1_IRQHandler
                0x0800169c                I2C3_ER_IRQHandler
                0x0800169c                EXTI0_IRQHandler
                0x0800169c                I2C2_EV_IRQHandler
                0x0800169c                CAN1_RX0_IRQHandler
                0x0800169c                FPU_IRQHandler
                0x0800169c                TIM1_UP_TIM16_IRQHandler
                0x0800169c                LTDC_ER_IRQHandler
                0x0800169c                ADC1_2_IRQHandler
                0x0800169c                SPI1_IRQHandler
                0x0800169c                OCTOSPI1_IRQHandler
                0x0800169c                TIM8_UP_IRQHandler
                0x0800169c                OCTOSPI2_IRQHandler
                0x0800169c                DMA2_Channel2_IRQHandler
                0x0800169c                DMA1_Channel4_IRQHandler
                0x0800169c                SAI2_IRQHandler
                0x0800169c                USART3_IRQHandler
                0x0800169c                DMA1_Channel7_IRQHandler
                0x0800169c                CAN1_RX1_IRQHandler
                0x0800169c                UART5_IRQHandler
                0x0800169c                TIM4_IRQHandler
                0x0800169c                DMA2_Channel1_IRQHandler
                0x0800169c                I2C1_EV_IRQHandler
                0x0800169c                DMAMUX1_OVR_IRQHandler
                0x0800169c                DMA1_Channel6_IRQHandler
                0x0800169c                UART4_IRQHandler
                0x0800169c                DMA2_Channel4_IRQHandler
                0x0800169c                TIM3_IRQHandler
                0x0800169c                RCC_IRQHandler
                0x0800169c                DMA1_Channel1_IRQHandler
                0x0800169c                Default_Handler
                0x0800169c                DMA2_Channel7_IRQHandler
                0x0800169c                EXTI15_10_IRQHandler
                0x0800169c                TIM7_IRQHandler
                0x0800169c                SDMMC1_IRQHandler
                0x0800169c                TIM5_IRQHandler
                0x0800169c                I2C3_EV_IRQHandler
                0x0800169c                RTC_WKUP_IRQHandler
                0x0800169c                LTDC_IRQHandler
                0x0800169c                PVD_PVM_IRQHandler
                0x0800169c                SPI2_IRQHandler
                0x0800169c                CAN1_TX_IRQHandler
                0x0800169c                DMA2_Channel5_IRQHandler
                0x0800169c                DMA1_Channel5_IRQHandler
                0x0800169c                EXTI4_IRQHandler
                0x0800169c                RNG_IRQHandler
                0x0800169c                TIM1_TRG_COM_TIM17_IRQHandler
                0x0800169c                DMA1_Channel3_IRQHandler
                0x0800169c                COMP_IRQHandler
                0x0800169c                HASH_CRS_IRQHandler
                0x0800169c                WWDG_IRQHandler
                0x0800169c                I2C4_EV_IRQHandler
                0x0800169c                LPUART1_IRQHandler
                0x0800169c                DMA2_Channel6_IRQHandler
                0x0800169c                TIM2_IRQHandler
                0x0800169c                DMA2D_IRQHandler
                0x0800169c                EXTI1_IRQHandler
                0x0800169c                SDMMC2_IRQHandler
                0x0800169c                USART2_IRQHandler
                0x0800169c                DFSDM1_FLT0_IRQHandler
                0x0800169c                I2C2_ER_IRQHandler
                0x0800169c                DMA1_Channel2_IRQHandler
                0x0800169c                TIM8_BRK_IRQHandler
                0x0800169c                CAN1_SCE_IRQHandler
                0x0800169c                FLASH_IRQHandler
                0x0800169c                USART1_IRQHandler
                0x0800169c                SPI3_IRQHandler
                0x0800169c                I2C1_ER_IRQHandler
                0x0800169c                FMC_IRQHandler
                0x0800169c                LPTIM1_IRQHandler
                0x0800169c                DCMI_PSSI_IRQHandler
                0x0800169c                I2C4_ER_IRQHandler
                0x0800169c                SAI1_IRQHandler
                0x0800169c                DMA2_Channel3_IRQHandler
                0x0800169c                TIM1_BRK_TIM15_IRQHandler
 .text.HAL_Init
                0x0800169e       0x30 ./Drivers/STM32L4xx_HAL_Driver/Src/stm32l4xx_hal.o
                0x0800169e                HAL_Init
 *fill*         0x080016ce        0x2 
 .text.HAL_InitTick
                0x080016d0       0x78 ./Drivers/STM32L4xx_HAL_Driver/Src/stm32l4xx_hal.o
                0x080016d0                HAL_InitTick
 .text.HAL_IncTick
                0x08001748       0x28 ./Drivers/STM32L4xx_HAL_Driver/Src/stm32l4xx_hal.o
                0x08001748                HAL_IncTick
 .text.HAL_GetTick
                0x08001770       0x18 ./Drivers/STM32L4xx_HAL_Driver/Src/stm32l4xx_hal.o
                0x08001770                HAL_GetTick
 .text.HAL_Delay
                0x08001788       0x48 ./Drivers/STM32L4xx_HAL_Driver/Src/stm32l4xx_hal.o
                0x08001788                HAL_Delay
 .text.__NVIC_SetPriorityGrouping
                0x080017d0       0x48 ./Drivers/STM32L4xx_HAL_Driver/Src/stm32l4xx_hal_cortex.o
 .text.__NVIC_GetPriorityGrouping
                0x08001818       0x1c ./Drivers/STM32L4xx_HAL_Driver/Src/stm32l4xx_hal_cortex.o
 .text.__NVIC_EnableIRQ
                0x08001834       0x3c ./Drivers/STM32L4xx_HAL_Driver/Src/stm32l4xx_hal_cortex.o
 .text.__NVIC_SetPriority
                0x08001870       0x54 ./Drivers/STM32L4xx_HAL_Driver/Src/stm32l4xx_hal_cortex.o
 .text.NVIC_EncodePriority
                0x080018c4       0x66 ./Drivers/STM32L4xx_HAL_Driver/Src/stm32l4xx_hal_cortex.o
 *fill*         0x0800192a        0x2 
 .text.SysTick_Config
                0x0800192c       0x44 ./Drivers/STM32L4xx_HAL_Driver/Src/stm32l4xx_hal_cortex.o
 .text.HAL_NVIC_SetPriorityGrouping
                0x08001970       0x16 ./Drivers/STM32L4xx_HAL_Driver/Src/stm32l4xx_hal_cortex.o
                0x08001970                HAL_NVIC_SetPriorityGrouping
 .text.HAL_NVIC_SetPriority
                0x08001986       0x38 ./Drivers/STM32L4xx_HAL_Driver/Src/stm32l4xx_hal_cortex.o
                0x08001986                HAL_NVIC_SetPriority
 .text.HAL_NVIC_EnableIRQ
                0x080019be       0x1c ./Drivers/STM32L4xx_HAL_Driver/Src/stm32l4xx_hal_cortex.o
                0x080019be                HAL_NVIC_EnableIRQ
 .text.HAL_SYSTICK_Config
                0x080019da       0x18 ./Drivers/STM32L4xx_HAL_Driver/Src/stm32l4xx_hal_cortex.o
                0x080019da                HAL_SYSTICK_Config
 *fill*         0x080019f2        0x2 
 .text.HAL_GPIO_Init
                0x080019f4      0x324 ./Drivers/STM32L4xx_HAL_Driver/Src/stm32l4xx_hal_gpio.o
                0x080019f4                HAL_GPIO_Init
 .text.HAL_GPIO_ReadPin
                0x08001d18       0x30 ./Drivers/STM32L4xx_HAL_Driver/Src/stm32l4xx_hal_gpio.o
                0x08001d18                HAL_GPIO_ReadPin
 .text.HAL_GPIO_WritePin
                0x08001d48       0x30 ./Drivers/STM32L4xx_HAL_Driver/Src/stm32l4xx_hal_gpio.o
                0x08001d48                HAL_GPIO_WritePin
 .text.HAL_GPIO_EXTI_IRQHandler
                0x08001d78       0x30 ./Drivers/STM32L4xx_HAL_Driver/Src/stm32l4xx_hal_gpio.o
                0x08001d78                HAL_GPIO_EXTI_IRQHandler
 .text.HAL_PCD_Init
                0x08001da8      0x21e ./Drivers/STM32L4xx_HAL_Driver/Src/stm32l4xx_hal_pcd.o
                0x08001da8                HAL_PCD_Init
 .text.HAL_PCD_Start
                0x08001fc6       0x5e ./Drivers/STM32L4xx_HAL_Driver/Src/stm32l4xx_hal_pcd.o
                0x08001fc6                HAL_PCD_Start
 .text.HAL_PCD_IRQHandler
                0x08002024      0x92c ./Drivers/STM32L4xx_HAL_Driver/Src/stm32l4xx_hal_pcd.o
                0x08002024                HAL_PCD_IRQHandler
 .text.HAL_PCD_SetAddress
                0x08002950       0x48 ./Drivers/STM32L4xx_HAL_Driver/Src/stm32l4xx_hal_pcd.o
                0x08002950                HAL_PCD_SetAddress
 .text.HAL_PCD_EP_Open
                0x08002998       0xd4 ./Drivers/STM32L4xx_HAL_Driver/Src/stm32l4xx_hal_pcd.o
                0x08002998                HAL_PCD_EP_Open
 .text.HAL_PCD_EP_Close
                0x08002a6c       0x94 ./Drivers/STM32L4xx_HAL_Driver/Src/stm32l4xx_hal_pcd.o
                0x08002a6c                HAL_PCD_EP_Close
 .text.HAL_PCD_EP_Receive
                0x08002b00       0x64 ./Drivers/STM32L4xx_HAL_Driver/Src/stm32l4xx_hal_pcd.o
                0x08002b00                HAL_PCD_EP_Receive
 .text.HAL_PCD_EP_GetRxCount
                0x08002b64       0x30 ./Drivers/STM32L4xx_HAL_Driver/Src/stm32l4xx_hal_pcd.o
                0x08002b64                HAL_PCD_EP_GetRxCount
 .text.HAL_PCD_EP_Transmit
                0x08002b94       0x62 ./Drivers/STM32L4xx_HAL_Driver/Src/stm32l4xx_hal_pcd.o
                0x08002b94                HAL_PCD_EP_Transmit
 .text.HAL_PCD_EP_SetStall
                0x08002bf6       0xc4 ./Drivers/STM32L4xx_HAL_Driver/Src/stm32l4xx_hal_pcd.o
                0x08002bf6                HAL_PCD_EP_SetStall
 .text.HAL_PCD_EP_ClrStall
                0x08002cba       0xac ./Drivers/STM32L4xx_HAL_Driver/Src/stm32l4xx_hal_pcd.o
                0x08002cba                HAL_PCD_EP_ClrStall
 .text.HAL_PCD_EP_Abort
                0x08002d66       0x62 ./Drivers/STM32L4xx_HAL_Driver/Src/stm32l4xx_hal_pcd.o
                0x08002d66                HAL_PCD_EP_Abort
 .text.PCD_WriteEmptyTxFifo
                0x08002dc8      0x110 ./Drivers/STM32L4xx_HAL_Driver/Src/stm32l4xx_hal_pcd.o
 .text.PCD_EP_OutXfrComplete_int
                0x08002ed8       0x9c ./Drivers/STM32L4xx_HAL_Driver/Src/stm32l4xx_hal_pcd.o
 .text.PCD_EP_OutSetupPacket_int
                0x08002f74       0x68 ./Drivers/STM32L4xx_HAL_Driver/Src/stm32l4xx_hal_pcd.o
 .text.HAL_PCDEx_SetTxFiFo
                0x08002fdc       0x8e ./Drivers/STM32L4xx_HAL_Driver/Src/stm32l4xx_hal_pcd_ex.o
                0x08002fdc                HAL_PCDEx_SetTxFiFo
 .text.HAL_PCDEx_SetRxFiFo
                0x0800306a       0x22 ./Drivers/STM32L4xx_HAL_Driver/Src/stm32l4xx_hal_pcd_ex.o
                0x0800306a                HAL_PCDEx_SetRxFiFo
 .text.HAL_PCDEx_ActivateLPM
                0x0800308c       0x48 ./Drivers/STM32L4xx_HAL_Driver/Src/stm32l4xx_hal_pcd_ex.o
                0x0800308c                HAL_PCDEx_ActivateLPM
 .text.HAL_PWREx_GetVoltageRange
                0x080030d4       0x40 ./Drivers/STM32L4xx_HAL_Driver/Src/stm32l4xx_hal_pwr_ex.o
                0x080030d4                HAL_PWREx_GetVoltageRange
 .text.HAL_PWREx_ControlVoltageScaling
                0x08003114      0x148 ./Drivers/STM32L4xx_HAL_Driver/Src/stm32l4xx_hal_pwr_ex.o
                0x08003114                HAL_PWREx_ControlVoltageScaling
 .text.HAL_PWREx_EnableVddUSB
                0x0800325c       0x20 ./Drivers/STM32L4xx_HAL_Driver/Src/stm32l4xx_hal_pwr_ex.o
                0x0800325c                HAL_PWREx_EnableVddUSB
 .text.HAL_RCC_OscConfig
                0x0800327c      0x8f8 ./Drivers/STM32L4xx_HAL_Driver/Src/stm32l4xx_hal_rcc.o
                0x0800327c                HAL_RCC_OscConfig
 .text.HAL_RCC_ClockConfig
                0x08003b74      0x274 ./Drivers/STM32L4xx_HAL_Driver/Src/stm32l4xx_hal_rcc.o
                0x08003b74                HAL_RCC_ClockConfig
 .text.HAL_RCC_GetSysClockFreq
                0x08003de8      0x118 ./Drivers/STM32L4xx_HAL_Driver/Src/stm32l4xx_hal_rcc.o
                0x08003de8                HAL_RCC_GetSysClockFreq
 .text.HAL_RCC_GetHCLKFreq
                0x08003f00       0x18 ./Drivers/STM32L4xx_HAL_Driver/Src/stm32l4xx_hal_rcc.o
                0x08003f00                HAL_RCC_GetHCLKFreq
 .text.RCC_SetFlashLatencyFromMSIRange
                0x08003f18       0xb4 ./Drivers/STM32L4xx_HAL_Driver/Src/stm32l4xx_hal_rcc.o
 .text.RCC_GetSysClockFreqFromPLLSource
                0x08003fcc       0xcc ./Drivers/STM32L4xx_HAL_Driver/Src/stm32l4xx_hal_rcc.o
 .text.HAL_RCCEx_PeriphCLKConfig
                0x08004098      0x6d8 ./Drivers/STM32L4xx_HAL_Driver/Src/stm32l4xx_hal_rcc_ex.o
                0x08004098                HAL_RCCEx_PeriphCLKConfig
 .text.RCCEx_PLLSAI1_Config
                0x08004770      0x1e8 ./Drivers/STM32L4xx_HAL_Driver/Src/stm32l4xx_hal_rcc_ex.o
 .text.RCCEx_PLLSAI2_Config
                0x08004958      0x1e8 ./Drivers/STM32L4xx_HAL_Driver/Src/stm32l4xx_hal_rcc_ex.o
 .text.HAL_TIM_Base_Init
                0x08004b40       0xae ./Drivers/STM32L4xx_HAL_Driver/Src/stm32l4xx_hal_tim.o
                0x08004b40                HAL_TIM_Base_Init
 *fill*         0x08004bee        0x2 
 .text.HAL_TIM_Base_Start_IT
                0x08004bf0       0xe0 ./Drivers/STM32L4xx_HAL_Driver/Src/stm32l4xx_hal_tim.o
                0x08004bf0                HAL_TIM_Base_Start_IT
 .text.HAL_TIM_IRQHandler
                0x08004cd0      0x20e ./Drivers/STM32L4xx_HAL_Driver/Src/stm32l4xx_hal_tim.o
                0x08004cd0                HAL_TIM_IRQHandler
 .text.HAL_TIM_OC_DelayElapsedCallback
                0x08004ede       0x14 ./Drivers/STM32L4xx_HAL_Driver/Src/stm32l4xx_hal_tim.o
                0x08004ede                HAL_TIM_OC_DelayElapsedCallback
 .text.HAL_TIM_IC_CaptureCallback
                0x08004ef2       0x14 ./Drivers/STM32L4xx_HAL_Driver/Src/stm32l4xx_hal_tim.o
                0x08004ef2                HAL_TIM_IC_CaptureCallback
 .text.HAL_TIM_PWM_PulseFinishedCallback
                0x08004f06       0x14 ./Drivers/STM32L4xx_HAL_Driver/Src/stm32l4xx_hal_tim.o
                0x08004f06                HAL_TIM_PWM_PulseFinishedCallback
 .text.HAL_TIM_TriggerCallback
                0x08004f1a       0x14 ./Drivers/STM32L4xx_HAL_Driver/Src/stm32l4xx_hal_tim.o
                0x08004f1a                HAL_TIM_TriggerCallback
 *fill*         0x08004f2e        0x2 
 .text.TIM_Base_SetConfig
                0x08004f30      0x14c ./Drivers/STM32L4xx_HAL_Driver/Src/stm32l4xx_hal_tim.o
                0x08004f30                TIM_Base_SetConfig
 .text.HAL_TIMEx_MasterConfigSynchronization
                0x0800507c      0x110 ./Drivers/STM32L4xx_HAL_Driver/Src/stm32l4xx_hal_tim_ex.o
                0x0800507c                HAL_TIMEx_MasterConfigSynchronization
 .text.HAL_TIMEx_CommutCallback
                0x0800518c       0x14 ./Drivers/STM32L4xx_HAL_Driver/Src/stm32l4xx_hal_tim_ex.o
                0x0800518c                HAL_TIMEx_CommutCallback
 .text.HAL_TIMEx_BreakCallback
                0x080051a0       0x14 ./Drivers/STM32L4xx_HAL_Driver/Src/stm32l4xx_hal_tim_ex.o
                0x080051a0                HAL_TIMEx_BreakCallback
 .text.HAL_TIMEx_Break2Callback
                0x080051b4       0x14 ./Drivers/STM32L4xx_HAL_Driver/Src/stm32l4xx_hal_tim_ex.o
                0x080051b4                HAL_TIMEx_Break2Callback
 .text.USB_CoreInit
                0x080051c8       0x5a ./Drivers/STM32L4xx_HAL_Driver/Src/stm32l4xx_ll_usb.o
                0x080051c8                USB_CoreInit
 *fill*         0x08005222        0x2 
 .text.USB_SetTurnaroundTime
                0x08005224      0x138 ./Drivers/STM32L4xx_HAL_Driver/Src/stm32l4xx_ll_usb.o
                0x08005224                USB_SetTurnaroundTime
 .text.USB_EnableGlobalInt
                0x0800535c       0x22 ./Drivers/STM32L4xx_HAL_Driver/Src/stm32l4xx_ll_usb.o
                0x0800535c                USB_EnableGlobalInt
 .text.USB_DisableGlobalInt
                0x0800537e       0x22 ./Drivers/STM32L4xx_HAL_Driver/Src/stm32l4xx_ll_usb.o
                0x0800537e                USB_DisableGlobalInt
 .text.USB_SetCurrentMode
                0x080053a0       0x98 ./Drivers/STM32L4xx_HAL_Driver/Src/stm32l4xx_ll_usb.o
                0x080053a0                USB_SetCurrentMode
 .text.USB_DevInit
                0x08005438      0x290 ./Drivers/STM32L4xx_HAL_Driver/Src/stm32l4xx_ll_usb.o
                0x08005438                USB_DevInit
 .text.USB_FlushTxFifo
                0x080056c8       0x64 ./Drivers/STM32L4xx_HAL_Driver/Src/stm32l4xx_ll_usb.o
                0x080056c8                USB_FlushTxFifo
 .text.USB_FlushRxFifo
                0x0800572c       0x5c ./Drivers/STM32L4xx_HAL_Driver/Src/stm32l4xx_ll_usb.o
                0x0800572c                USB_FlushRxFifo
 .text.USB_SetDevSpeed
                0x08005788       0x32 ./Drivers/STM32L4xx_HAL_Driver/Src/stm32l4xx_ll_usb.o
                0x08005788                USB_SetDevSpeed
 .text.USB_GetDevSpeed
                0x080057ba       0x3e ./Drivers/STM32L4xx_HAL_Driver/Src/stm32l4xx_ll_usb.o
                0x080057ba                USB_GetDevSpeed
 .text.USB_ActivateEndpoint
                0x080057f8      0x10e ./Drivers/STM32L4xx_HAL_Driver/Src/stm32l4xx_ll_usb.o
                0x080057f8                USB_ActivateEndpoint
 *fill*         0x08005906        0x2 
 .text.USB_DeactivateEndpoint
                0x08005908      0x1b8 ./Drivers/STM32L4xx_HAL_Driver/Src/stm32l4xx_ll_usb.o
                0x08005908                USB_DeactivateEndpoint
 .text.USB_EPStartXfer
                0x08005ac0      0x470 ./Drivers/STM32L4xx_HAL_Driver/Src/stm32l4xx_ll_usb.o
                0x08005ac0                USB_EPStartXfer
 .text.USB_EPStopXfer
                0x08005f30      0x154 ./Drivers/STM32L4xx_HAL_Driver/Src/stm32l4xx_ll_usb.o
                0x08005f30                USB_EPStopXfer
 .text.USB_WritePacket
                0x08006084       0x74 ./Drivers/STM32L4xx_HAL_Driver/Src/stm32l4xx_ll_usb.o
                0x08006084                USB_WritePacket
 .text.USB_ReadPacket
                0x080060f8       0xb0 ./Drivers/STM32L4xx_HAL_Driver/Src/stm32l4xx_ll_usb.o
                0x080060f8                USB_ReadPacket
 .text.USB_EPSetStall
                0x080061a8       0xdc ./Drivers/STM32L4xx_HAL_Driver/Src/stm32l4xx_ll_usb.o
                0x080061a8                USB_EPSetStall
 .text.USB_EPClearStall
                0x08006284       0xcc ./Drivers/STM32L4xx_HAL_Driver/Src/stm32l4xx_ll_usb.o
                0x08006284                USB_EPClearStall
 .text.USB_SetDevAddress
                0x08006350       0x4c ./Drivers/STM32L4xx_HAL_Driver/Src/stm32l4xx_ll_usb.o
                0x08006350                USB_SetDevAddress
 .text.USB_DevConnect
                0x0800639c       0x42 ./Drivers/STM32L4xx_HAL_Driver/Src/stm32l4xx_ll_usb.o
                0x0800639c                USB_DevConnect
 .text.USB_DevDisconnect
                0x080063de       0x42 ./Drivers/STM32L4xx_HAL_Driver/Src/stm32l4xx_ll_usb.o
                0x080063de                USB_DevDisconnect
 .text.USB_ReadInterrupts
                0x08006420       0x26 ./Drivers/STM32L4xx_HAL_Driver/Src/stm32l4xx_ll_usb.o
                0x08006420                USB_ReadInterrupts
 .text.USB_ReadDevAllOutEpInterrupt
                0x08006446       0x34 ./Drivers/STM32L4xx_HAL_Driver/Src/stm32l4xx_ll_usb.o
                0x08006446                USB_ReadDevAllOutEpInterrupt
 .text.USB_ReadDevAllInEpInterrupt
                0x0800647a       0x34 ./Drivers/STM32L4xx_HAL_Driver/Src/stm32l4xx_ll_usb.o
                0x0800647a                USB_ReadDevAllInEpInterrupt
 .text.USB_ReadDevOutEPInterrupt
                0x080064ae       0x3c ./Drivers/STM32L4xx_HAL_Driver/Src/stm32l4xx_ll_usb.o
                0x080064ae                USB_ReadDevOutEPInterrupt
 .text.USB_ReadDevInEPInterrupt
                0x080064ea       0x5c ./Drivers/STM32L4xx_HAL_Driver/Src/stm32l4xx_ll_usb.o
                0x080064ea                USB_ReadDevInEPInterrupt
 .text.USB_GetMode
                0x08006546       0x1c ./Drivers/STM32L4xx_HAL_Driver/Src/stm32l4xx_ll_usb.o
                0x08006546                USB_GetMode
 .text.USB_ActivateSetup
                0x08006562       0x46 ./Drivers/STM32L4xx_HAL_Driver/Src/stm32l4xx_ll_usb.o
                0x08006562                USB_ActivateSetup
 .text.USB_EP0_OutStart
                0x080065a8       0x90 ./Drivers/STM32L4xx_HAL_Driver/Src/stm32l4xx_ll_usb.o
                0x080065a8                USB_EP0_OutStart
 .text.USB_CoreReset
                0x08006638       0x62 ./Drivers/STM32L4xx_HAL_Driver/Src/stm32l4xx_ll_usb.o
 *fill*         0x0800669a        0x2 
 .text.USBD_CDC_Init
                0x0800669c      0x1f0 ./Middlewares/ST/STM32_USB_Device_Library/Class/CDC/Src/usbd_cdc.o
 .text.USBD_CDC_DeInit
                0x0800688c      0x104 ./Middlewares/ST/STM32_USB_Device_Library/Class/CDC/Src/usbd_cdc.o
 .text.USBD_CDC_Setup
                0x08006990      0x1b8 ./Middlewares/ST/STM32_USB_Device_Library/Class/CDC/Src/usbd_cdc.o
 .text.USBD_CDC_DataIn
                0x08006b48       0xfe ./Middlewares/ST/STM32_USB_Device_Library/Class/CDC/Src/usbd_cdc.o
 .text.USBD_CDC_DataOut
                0x08006c46       0x70 ./Middlewares/ST/STM32_USB_Device_Library/Class/CDC/Src/usbd_cdc.o
 .text.USBD_CDC_EP0_RxReady
                0x08006cb6       0x74 ./Middlewares/ST/STM32_USB_Device_Library/Class/CDC/Src/usbd_cdc.o
 *fill*         0x08006d2a        0x2 
 .text.USBD_CDC_GetFSCfgDesc
                0x08006d2c       0x70 ./Middlewares/ST/STM32_USB_Device_Library/Class/CDC/Src/usbd_cdc.o
 .text.USBD_CDC_GetHSCfgDesc
                0x08006d9c       0x70 ./Middlewares/ST/STM32_USB_Device_Library/Class/CDC/Src/usbd_cdc.o
 .text.USBD_CDC_GetOtherSpeedCfgDesc
                0x08006e0c       0x70 ./Middlewares/ST/STM32_USB_Device_Library/Class/CDC/Src/usbd_cdc.o
 .text.USBD_CDC_GetDeviceQualifierDescriptor
                0x08006e7c       0x20 ./Middlewares/ST/STM32_USB_Device_Library/Class/CDC/Src/usbd_cdc.o
                0x08006e7c                USBD_CDC_GetDeviceQualifierDescriptor
 .text.USBD_CDC_RegisterInterface
                0x08006e9c       0x34 ./Middlewares/ST/STM32_USB_Device_Library/Class/CDC/Src/usbd_cdc.o
                0x08006e9c                USBD_CDC_RegisterInterface
 .text.USBD_CDC_SetTxBuffer
                0x08006ed0       0x44 ./Middlewares/ST/STM32_USB_Device_Library/Class/CDC/Src/usbd_cdc.o
                0x08006ed0                USBD_CDC_SetTxBuffer
 .text.USBD_CDC_SetRxBuffer
                0x08006f14       0x3a ./Middlewares/ST/STM32_USB_Device_Library/Class/CDC/Src/usbd_cdc.o
                0x08006f14                USBD_CDC_SetRxBuffer
 *fill*         0x08006f4e        0x2 
 .text.USBD_CDC_TransmitPacket
                0x08006f50       0x80 ./Middlewares/ST/STM32_USB_Device_Library/Class/CDC/Src/usbd_cdc.o
                0x08006f50                USBD_CDC_TransmitPacket
 .text.USBD_CDC_ReceivePacket
                0x08006fd0       0x6c ./Middlewares/ST/STM32_USB_Device_Library/Class/CDC/Src/usbd_cdc.o
                0x08006fd0                USBD_CDC_ReceivePacket
 .text.USBD_Init
                0x0800703c       0x60 ./Middlewares/ST/STM32_USB_Device_Library/Core/Src/usbd_core.o
                0x0800703c                USBD_Init
 .text.USBD_RegisterClass
                0x0800709c       0x6c ./Middlewares/ST/STM32_USB_Device_Library/Core/Src/usbd_core.o
                0x0800709c                USBD_RegisterClass
 .text.USBD_Start
                0x08007108       0x18 ./Middlewares/ST/STM32_USB_Device_Library/Core/Src/usbd_core.o
                0x08007108                USBD_Start
 .text.USBD_RunTestMode
                0x08007120       0x16 ./Middlewares/ST/STM32_USB_Device_Library/Core/Src/usbd_core.o
                0x08007120                USBD_RunTestMode
 .text.USBD_SetClassConfig
                0x08007136       0x38 ./Middlewares/ST/STM32_USB_Device_Library/Core/Src/usbd_core.o
                0x08007136                USBD_SetClassConfig
 .text.USBD_ClrClassConfig
                0x0800716e       0x34 ./Middlewares/ST/STM32_USB_Device_Library/Core/Src/usbd_core.o
                0x0800716e                USBD_ClrClassConfig
 .text.USBD_LL_SetupStage
                0x080071a2       0xaa ./Middlewares/ST/STM32_USB_Device_Library/Core/Src/usbd_core.o
                0x080071a2                USBD_LL_SetupStage
 .text.USBD_LL_DataOutStage
                0x0800724c      0x166 ./Middlewares/ST/STM32_USB_Device_Library/Core/Src/usbd_core.o
                0x0800724c                USBD_LL_DataOutStage
 .text.USBD_LL_DataInStage
                0x080073b2      0x164 ./Middlewares/ST/STM32_USB_Device_Library/Core/Src/usbd_core.o
                0x080073b2                USBD_LL_DataInStage
 .text.USBD_LL_Reset
                0x08007516       0xa4 ./Middlewares/ST/STM32_USB_Device_Library/Core/Src/usbd_core.o
                0x08007516                USBD_LL_Reset
 .text.USBD_LL_SetSpeed
                0x080075ba       0x20 ./Middlewares/ST/STM32_USB_Device_Library/Core/Src/usbd_core.o
                0x080075ba                USBD_LL_SetSpeed
 .text.USBD_LL_Suspend
                0x080075da       0x38 ./Middlewares/ST/STM32_USB_Device_Library/Core/Src/usbd_core.o
                0x080075da                USBD_LL_Suspend
 .text.USBD_LL_Resume
                0x08007612       0x30 ./Middlewares/ST/STM32_USB_Device_Library/Core/Src/usbd_core.o
                0x08007612                USBD_LL_Resume
 .text.USBD_LL_SOF
                0x08007642       0x40 ./Middlewares/ST/STM32_USB_Device_Library/Core/Src/usbd_core.o
                0x08007642                USBD_LL_SOF
 .text.USBD_LL_IsoINIncomplete
                0x08007682       0x64 ./Middlewares/ST/STM32_USB_Device_Library/Core/Src/usbd_core.o
                0x08007682                USBD_LL_IsoINIncomplete
 .text.USBD_LL_IsoOUTIncomplete
                0x080076e6       0x64 ./Middlewares/ST/STM32_USB_Device_Library/Core/Src/usbd_core.o
                0x080076e6                USBD_LL_IsoOUTIncomplete
 .text.USBD_LL_DevConnected
                0x0800774a       0x16 ./Middlewares/ST/STM32_USB_Device_Library/Core/Src/usbd_core.o
                0x0800774a                USBD_LL_DevConnected
 .text.USBD_LL_DevDisconnected
                0x08007760       0x46 ./Middlewares/ST/STM32_USB_Device_Library/Core/Src/usbd_core.o
                0x08007760                USBD_LL_DevDisconnected
 .text.USBD_CoreFindIF
                0x080077a6       0x1a ./Middlewares/ST/STM32_USB_Device_Library/Core/Src/usbd_core.o
                0x080077a6                USBD_CoreFindIF
 .text.USBD_CoreFindEP
                0x080077c0       0x1a ./Middlewares/ST/STM32_USB_Device_Library/Core/Src/usbd_core.o
                0x080077c0                USBD_CoreFindEP
 .text.USBD_GetEpDesc
                0x080077da       0x70 ./Middlewares/ST/STM32_USB_Device_Library/Core/Src/usbd_core.o
                0x080077da                USBD_GetEpDesc
 .text.USBD_GetNextDesc
                0x0800784a       0x38 ./Middlewares/ST/STM32_USB_Device_Library/Core/Src/usbd_core.o
                0x0800784a                USBD_GetNextDesc
 .text.SWAPBYTE
                0x08007882       0x3c ./Middlewares/ST/STM32_USB_Device_Library/Core/Src/usbd_ctlreq.o
 *fill*         0x080078be        0x2 
 .text.USBD_StdDevReq
                0x080078c0       0xe4 ./Middlewares/ST/STM32_USB_Device_Library/Core/Src/usbd_ctlreq.o
                0x080078c0                USBD_StdDevReq
 .text.USBD_StdItfReq
                0x080079a4       0xd8 ./Middlewares/ST/STM32_USB_Device_Library/Core/Src/usbd_ctlreq.o
                0x080079a4                USBD_StdItfReq
 .text.USBD_StdEPReq
                0x08007a7c      0x33a ./Middlewares/ST/STM32_USB_Device_Library/Core/Src/usbd_ctlreq.o
                0x08007a7c                USBD_StdEPReq
 *fill*         0x08007db6        0x2 
 .text.USBD_GetDescriptor
                0x08007db8      0x328 ./Middlewares/ST/STM32_USB_Device_Library/Core/Src/usbd_ctlreq.o
 .text.USBD_SetAddress
                0x080080e0       0x88 ./Middlewares/ST/STM32_USB_Device_Library/Core/Src/usbd_ctlreq.o
 .text.USBD_SetConfig
                0x08008168      0x154 ./Middlewares/ST/STM32_USB_Device_Library/Core/Src/usbd_ctlreq.o
 .text.USBD_GetConfig
                0x080082bc       0x6c ./Middlewares/ST/STM32_USB_Device_Library/Core/Src/usbd_ctlreq.o
 .text.USBD_GetStatus
                0x08008328       0x68 ./Middlewares/ST/STM32_USB_Device_Library/Core/Src/usbd_ctlreq.o
 .text.USBD_SetFeature
                0x08008390       0x52 ./Middlewares/ST/STM32_USB_Device_Library/Core/Src/usbd_ctlreq.o
 .text.USBD_ClrFeature
                0x080083e2       0x44 ./Middlewares/ST/STM32_USB_Device_Library/Core/Src/usbd_ctlreq.o
 .text.USBD_ParseSetupRequest
                0x08008426       0x74 ./Middlewares/ST/STM32_USB_Device_Library/Core/Src/usbd_ctlreq.o
                0x08008426                USBD_ParseSetupRequest
 .text.USBD_CtlError
                0x0800849a       0x22 ./Middlewares/ST/STM32_USB_Device_Library/Core/Src/usbd_ctlreq.o
                0x0800849a                USBD_CtlError
 .text.USBD_GetString
                0x080084bc       0xa4 ./Middlewares/ST/STM32_USB_Device_Library/Core/Src/usbd_ctlreq.o
                0x080084bc                USBD_GetString
 .text.USBD_GetLen
                0x08008560       0x34 ./Middlewares/ST/STM32_USB_Device_Library/Core/Src/usbd_ctlreq.o
 .text.USBD_CtlSendData
                0x08008594       0x36 ./Middlewares/ST/STM32_USB_Device_Library/Core/Src/usbd_ioreq.o
                0x08008594                USBD_CtlSendData
 .text.USBD_CtlContinueSendData
                0x080085ca       0x22 ./Middlewares/ST/STM32_USB_Device_Library/Core/Src/usbd_ioreq.o
                0x080085ca                USBD_CtlContinueSendData
 .text.USBD_CtlPrepareRx
                0x080085ec       0x3a ./Middlewares/ST/STM32_USB_Device_Library/Core/Src/usbd_ioreq.o
                0x080085ec                USBD_CtlPrepareRx
 .text.USBD_CtlContinueRx
                0x08008626       0x22 ./Middlewares/ST/STM32_USB_Device_Library/Core/Src/usbd_ioreq.o
                0x08008626                USBD_CtlContinueRx
 .text.USBD_CtlSendStatus
                0x08008648       0x26 ./Middlewares/ST/STM32_USB_Device_Library/Core/Src/usbd_ioreq.o
                0x08008648                USBD_CtlSendStatus
 .text.USBD_CtlReceiveStatus
                0x0800866e       0x26 ./Middlewares/ST/STM32_USB_Device_Library/Core/Src/usbd_ioreq.o
                0x0800866e                USBD_CtlReceiveStatus
 .text.MX_USB_DEVICE_Init
                0x08008694       0x60 ./USB_DEVICE/App/usb_device.o
                0x08008694                MX_USB_DEVICE_Init
 .text.CDC_Init_FS
                0x080086f4       0x30 ./USB_DEVICE/App/usbd_cdc_if.o
 .text.CDC_DeInit_FS
                0x08008724       0x10 ./USB_DEVICE/App/usbd_cdc_if.o
 .text.CDC_Control_FS
                0x08008734       0xbc ./USB_DEVICE/App/usbd_cdc_if.o
 .text.CDC_Receive_FS
                0x080087f0      0x430 ./USB_DEVICE/App/usbd_cdc_if.o
 .text.CDC_Transmit_FS
                0x08008c20       0x4c ./USB_DEVICE/App/usbd_cdc_if.o
                0x08008c20                CDC_Transmit_FS
 .text.CDC_TransmitCplt_FS
                0x08008c6c       0x22 ./USB_DEVICE/App/usbd_cdc_if.o
 *fill*         0x08008c8e        0x2 
 .text.USBD_FS_DeviceDescriptor
                0x08008c90       0x24 ./USB_DEVICE/App/usbd_desc.o
                0x08008c90                USBD_FS_DeviceDescriptor
 .text.USBD_FS_LangIDStrDescriptor
                0x08008cb4       0x24 ./USB_DEVICE/App/usbd_desc.o
                0x08008cb4                USBD_FS_LangIDStrDescriptor
 .text.USBD_FS_ProductStrDescriptor
                0x08008cd8       0x3c ./USB_DEVICE/App/usbd_desc.o
                0x08008cd8                USBD_FS_ProductStrDescriptor
 .text.USBD_FS_ManufacturerStrDescriptor
                0x08008d14       0x28 ./USB_DEVICE/App/usbd_desc.o
                0x08008d14                USBD_FS_ManufacturerStrDescriptor
 .text.USBD_FS_SerialStrDescriptor
                0x08008d3c       0x24 ./USB_DEVICE/App/usbd_desc.o
                0x08008d3c                USBD_FS_SerialStrDescriptor
 .text.USBD_FS_ConfigStrDescriptor
                0x08008d60       0x3c ./USB_DEVICE/App/usbd_desc.o
                0x08008d60                USBD_FS_ConfigStrDescriptor
 .text.USBD_FS_InterfaceStrDescriptor
                0x08008d9c       0x3c ./USB_DEVICE/App/usbd_desc.o
                0x08008d9c                USBD_FS_InterfaceStrDescriptor
 .text.USBD_FS_USR_BOSDescriptor
                0x08008dd8       0x24 ./USB_DEVICE/App/usbd_desc.o
                0x08008dd8                USBD_FS_USR_BOSDescriptor
 .text.Get_SerialNum
                0x08008dfc       0x58 ./USB_DEVICE/App/usbd_desc.o
 .text.IntToUnicode
                0x08008e54       0x7e ./USB_DEVICE/App/usbd_desc.o
 *fill*         0x08008ed2        0x2 
 .text.HAL_PCD_MspInit
                0x08008ed4      0x124 ./USB_DEVICE/Target/usbd_conf.o
                0x08008ed4                HAL_PCD_MspInit
 .text.HAL_PCD_SetupStageCallback
                0x08008ff8       0x24 ./USB_DEVICE/Target/usbd_conf.o
                0x08008ff8                HAL_PCD_SetupStageCallback
 .text.HAL_PCD_DataOutStageCallback
                0x0800901c       0x36 ./USB_DEVICE/Target/usbd_conf.o
                0x0800901c                HAL_PCD_DataOutStageCallback
 .text.HAL_PCD_DataInStageCallback
                0x08009052       0x34 ./USB_DEVICE/Target/usbd_conf.o
                0x08009052                HAL_PCD_DataInStageCallback
 .text.HAL_PCD_SOFCallback
                0x08009086       0x1c ./USB_DEVICE/Target/usbd_conf.o
                0x08009086                HAL_PCD_SOFCallback
 .text.HAL_PCD_ResetCallback
                0x080090a2       0x3c ./USB_DEVICE/Target/usbd_conf.o
                0x080090a2                HAL_PCD_ResetCallback
 *fill*         0x080090de        0x2 
 .text.HAL_PCD_SuspendCallback
                0x080090e0       0x4c ./USB_DEVICE/Target/usbd_conf.o
                0x080090e0                HAL_PCD_SuspendCallback
 .text.HAL_PCD_ResumeCallback
                0x0800912c       0x50 ./USB_DEVICE/Target/usbd_conf.o
                0x0800912c                HAL_PCD_ResumeCallback
 .text.HAL_PCD_ISOOUTIncompleteCallback
                0x0800917c       0x24 ./USB_DEVICE/Target/usbd_conf.o
                0x0800917c                HAL_PCD_ISOOUTIncompleteCallback
 .text.HAL_PCD_ISOINIncompleteCallback
                0x080091a0       0x24 ./USB_DEVICE/Target/usbd_conf.o
                0x080091a0                HAL_PCD_ISOINIncompleteCallback
 .text.HAL_PCD_ConnectCallback
                0x080091c4       0x1c ./USB_DEVICE/Target/usbd_conf.o
                0x080091c4                HAL_PCD_ConnectCallback
 .text.HAL_PCD_DisconnectCallback
                0x080091e0       0x1c ./USB_DEVICE/Target/usbd_conf.o
                0x080091e0                HAL_PCD_DisconnectCallback
 .text.USBD_LL_Init
                0x080091fc       0x98 ./USB_DEVICE/Target/usbd_conf.o
                0x080091fc                USBD_LL_Init
 .text.USBD_LL_Start
                0x08009294       0x64 ./USB_DEVICE/Target/usbd_conf.o
                0x08009294                USBD_LL_Start
 .text.USBD_LL_OpenEP
                0x080092f8       0x7c ./USB_DEVICE/Target/usbd_conf.o
                0x080092f8                USBD_LL_OpenEP
 .text.USBD_LL_CloseEP
                0x08009374       0x6c ./USB_DEVICE/Target/usbd_conf.o
                0x08009374                USBD_LL_CloseEP
 .text.USBD_LL_StallEP
                0x080093e0       0x6c ./USB_DEVICE/Target/usbd_conf.o
                0x080093e0                USBD_LL_StallEP
 .text.USBD_LL_ClearStallEP
                0x0800944c       0x6c ./USB_DEVICE/Target/usbd_conf.o
                0x0800944c                USBD_LL_ClearStallEP
 .text.USBD_LL_IsStallEP
                0x080094b8       0x58 ./USB_DEVICE/Target/usbd_conf.o
                0x080094b8                USBD_LL_IsStallEP
 .text.USBD_LL_SetUSBAddress
                0x08009510       0x6c ./USB_DEVICE/Target/usbd_conf.o
                0x08009510                USBD_LL_SetUSBAddress
 .text.USBD_LL_Transmit
                0x0800957c       0x70 ./USB_DEVICE/Target/usbd_conf.o
                0x0800957c                USBD_LL_Transmit
 .text.USBD_LL_PrepareReceive
                0x080095ec       0x70 ./USB_DEVICE/Target/usbd_conf.o
                0x080095ec                USBD_LL_PrepareReceive
 .text.USBD_LL_GetRxDataSize
                0x0800965c       0x26 ./USB_DEVICE/Target/usbd_conf.o
                0x0800965c                USBD_LL_GetRxDataSize
 *fill*         0x08009682        0x2 
 .text.HAL_PCDEx_LPM_Callback
                0x08009684       0x9c ./USB_DEVICE/Target/usbd_conf.o
                0x08009684                HAL_PCDEx_LPM_Callback
 .text.USBD_static_malloc
                0x08009720       0x1c ./USB_DEVICE/Target/usbd_conf.o
                0x08009720                USBD_static_malloc
 .text.USBD_static_free
                0x0800973c       0x14 ./USB_DEVICE/Target/usbd_conf.o
                0x0800973c                USBD_static_free
 .text.SystemClockConfig_Resume
                0x08009750        0xc ./USB_DEVICE/Target/usbd_conf.o
 .text.std      0x0800975c       0x6c C:/ST/STM32CubeIDE_1.16.1/STM32CubeIDE/plugins/com.st.stm32cube.ide.mcu.externaltools.gnu-tools-for-stm32.12.3.rel1.win32_1.1.0.202410251130/tools/bin/../lib/gcc/arm-none-eabi/12.3.1/../../../../arm-none-eabi/lib/thumb/v7e-m+fp/hard\libc_nano.a(libc_a-findfp.o)
 .text.stdio_exit_handler
                0x080097c8       0x18 C:/ST/STM32CubeIDE_1.16.1/STM32CubeIDE/plugins/com.st.stm32cube.ide.mcu.externaltools.gnu-tools-for-stm32.12.3.rel1.win32_1.1.0.202410251130/tools/bin/../lib/gcc/arm-none-eabi/12.3.1/../../../../arm-none-eabi/lib/thumb/v7e-m+fp/hard\libc_nano.a(libc_a-findfp.o)
 .text.cleanup_stdio
                0x080097e0       0x40 C:/ST/STM32CubeIDE_1.16.1/STM32CubeIDE/plugins/com.st.stm32cube.ide.mcu.externaltools.gnu-tools-for-stm32.12.3.rel1.win32_1.1.0.202410251130/tools/bin/../lib/gcc/arm-none-eabi/12.3.1/../../../../arm-none-eabi/lib/thumb/v7e-m+fp/hard\libc_nano.a(libc_a-findfp.o)
 .text.global_stdio_init.part.0
                0x08009820       0x3c C:/ST/STM32CubeIDE_1.16.1/STM32CubeIDE/plugins/com.st.stm32cube.ide.mcu.externaltools.gnu-tools-for-stm32.12.3.rel1.win32_1.1.0.202410251130/tools/bin/../lib/gcc/arm-none-eabi/12.3.1/../../../../arm-none-eabi/lib/thumb/v7e-m+fp/hard\libc_nano.a(libc_a-findfp.o)
 .text.__sfp_lock_acquire
                0x0800985c        0xc C:/ST/STM32CubeIDE_1.16.1/STM32CubeIDE/plugins/com.st.stm32cube.ide.mcu.externaltools.gnu-tools-for-stm32.12.3.rel1.win32_1.1.0.202410251130/tools/bin/../lib/gcc/arm-none-eabi/12.3.1/../../../../arm-none-eabi/lib/thumb/v7e-m+fp/hard\libc_nano.a(libc_a-findfp.o)
                0x0800985c                __sfp_lock_acquire
 .text.__sfp_lock_release
                0x08009868        0xc C:/ST/STM32CubeIDE_1.16.1/STM32CubeIDE/plugins/com.st.stm32cube.ide.mcu.externaltools.gnu-tools-for-stm32.12.3.rel1.win32_1.1.0.202410251130/tools/bin/../lib/gcc/arm-none-eabi/12.3.1/../../../../arm-none-eabi/lib/thumb/v7e-m+fp/hard\libc_nano.a(libc_a-findfp.o)
                0x08009868                __sfp_lock_release
 .text.__sinit  0x08009874       0x30 C:/ST/STM32CubeIDE_1.16.1/STM32CubeIDE/plugins/com.st.stm32cube.ide.mcu.externaltools.gnu-tools-for-stm32.12.3.rel1.win32_1.1.0.202410251130/tools/bin/../lib/gcc/arm-none-eabi/12.3.1/../../../../arm-none-eabi/lib/thumb/v7e-m+fp/hard\libc_nano.a(libc_a-findfp.o)
                0x08009874                __sinit
 .text._fwalk_sglue
                0x080098a4       0x3c C:/ST/STM32CubeIDE_1.16.1/STM32CubeIDE/plugins/com.st.stm32cube.ide.mcu.externaltools.gnu-tools-for-stm32.12.3.rel1.win32_1.1.0.202410251130/tools/bin/../lib/gcc/arm-none-eabi/12.3.1/../../../../arm-none-eabi/lib/thumb/v7e-m+fp/hard\libc_nano.a(libc_a-fwalk.o)
                0x080098a4                _fwalk_sglue
 .text.printf   0x080098e0       0x24 C:/ST/STM32CubeIDE_1.16.1/STM32CubeIDE/plugins/com.st.stm32cube.ide.mcu.externaltools.gnu-tools-for-stm32.12.3.rel1.win32_1.1.0.202410251130/tools/bin/../lib/gcc/arm-none-eabi/12.3.1/../../../../arm-none-eabi/lib/thumb/v7e-m+fp/hard\libc_nano.a(libc_a-printf.o)
                0x080098e0                iprintf
                0x080098e0                printf
 .text._puts_r  0x08009904       0xaa C:/ST/STM32CubeIDE_1.16.1/STM32CubeIDE/plugins/com.st.stm32cube.ide.mcu.externaltools.gnu-tools-for-stm32.12.3.rel1.win32_1.1.0.202410251130/tools/bin/../lib/gcc/arm-none-eabi/12.3.1/../../../../arm-none-eabi/lib/thumb/v7e-m+fp/hard\libc_nano.a(libc_a-puts.o)
                0x08009904                _puts_r
 *fill*         0x080099ae        0x2 
 .text.puts     0x080099b0       0x10 C:/ST/STM32CubeIDE_1.16.1/STM32CubeIDE/plugins/com.st.stm32cube.ide.mcu.externaltools.gnu-tools-for-stm32.12.3.rel1.win32_1.1.0.202410251130/tools/bin/../lib/gcc/arm-none-eabi/12.3.1/../../../../arm-none-eabi/lib/thumb/v7e-m+fp/hard\libc_nano.a(libc_a-puts.o)
                0x080099b0                puts
 .text.sprintf  0x080099c0       0x40 C:/ST/STM32CubeIDE_1.16.1/STM32CubeIDE/plugins/com.st.stm32cube.ide.mcu.externaltools.gnu-tools-for-stm32.12.3.rel1.win32_1.1.0.202410251130/tools/bin/../lib/gcc/arm-none-eabi/12.3.1/../../../../arm-none-eabi/lib/thumb/v7e-m+fp/hard\libc_nano.a(libc_a-sprintf.o)
                0x080099c0                siprintf
                0x080099c0                sprintf
 .text.sscanf   0x08009a00       0x54 C:/ST/STM32CubeIDE_1.16.1/STM32CubeIDE/plugins/com.st.stm32cube.ide.mcu.externaltools.gnu-tools-for-stm32.12.3.rel1.win32_1.1.0.202410251130/tools/bin/../lib/gcc/arm-none-eabi/12.3.1/../../../../arm-none-eabi/lib/thumb/v7e-m+fp/hard\libc_nano.a(libc_a-sscanf.o)
                0x08009a00                siscanf
                0x08009a00                sscanf
 .text.__sread  0x08009a54       0x22 C:/ST/STM32CubeIDE_1.16.1/STM32CubeIDE/plugins/com.st.stm32cube.ide.mcu.externaltools.gnu-tools-for-stm32.12.3.rel1.win32_1.1.0.202410251130/tools/bin/../lib/gcc/arm-none-eabi/12.3.1/../../../../arm-none-eabi/lib/thumb/v7e-m+fp/hard\libc_nano.a(libc_a-stdio.o)
                0x08009a54                __sread
 .text.__seofread
                0x08009a76        0x4 C:/ST/STM32CubeIDE_1.16.1/STM32CubeIDE/plugins/com.st.stm32cube.ide.mcu.externaltools.gnu-tools-for-stm32.12.3.rel1.win32_1.1.0.202410251130/tools/bin/../lib/gcc/arm-none-eabi/12.3.1/../../../../arm-none-eabi/lib/thumb/v7e-m+fp/hard\libc_nano.a(libc_a-stdio.o)
                0x08009a76                __seofread
 .text.__swrite
                0x08009a7a       0x38 C:/ST/STM32CubeIDE_1.16.1/STM32CubeIDE/plugins/com.st.stm32cube.ide.mcu.externaltools.gnu-tools-for-stm32.12.3.rel1.win32_1.1.0.202410251130/tools/bin/../lib/gcc/arm-none-eabi/12.3.1/../../../../arm-none-eabi/lib/thumb/v7e-m+fp/hard\libc_nano.a(libc_a-stdio.o)
                0x08009a7a                __swrite
 .text.__sseek  0x08009ab2       0x24 C:/ST/STM32CubeIDE_1.16.1/STM32CubeIDE/plugins/com.st.stm32cube.ide.mcu.externaltools.gnu-tools-for-stm32.12.3.rel1.win32_1.1.0.202410251130/tools/bin/../lib/gcc/arm-none-eabi/12.3.1/../../../../arm-none-eabi/lib/thumb/v7e-m+fp/hard\libc_nano.a(libc_a-stdio.o)
                0x08009ab2                __sseek
 .text.__sclose
                0x08009ad6        0x8 C:/ST/STM32CubeIDE_1.16.1/STM32CubeIDE/plugins/com.st.stm32cube.ide.mcu.externaltools.gnu-tools-for-stm32.12.3.rel1.win32_1.1.0.202410251130/tools/bin/../lib/gcc/arm-none-eabi/12.3.1/../../../../arm-none-eabi/lib/thumb/v7e-m+fp/hard\libc_nano.a(libc_a-stdio.o)
                0x08009ad6                __sclose
 .text.__swbuf_r
                0x08009ade       0x7c C:/ST/STM32CubeIDE_1.16.1/STM32CubeIDE/plugins/com.st.stm32cube.ide.mcu.externaltools.gnu-tools-for-stm32.12.3.rel1.win32_1.1.0.202410251130/tools/bin/../lib/gcc/arm-none-eabi/12.3.1/../../../../arm-none-eabi/lib/thumb/v7e-m+fp/hard\libc_nano.a(libc_a-wbuf.o)
                0x08009ade                __swbuf_r
 *fill*         0x08009b5a        0x2 
 .text.__swsetup_r
                0x08009b5c       0xac C:/ST/STM32CubeIDE_1.16.1/STM32CubeIDE/plugins/com.st.stm32cube.ide.mcu.externaltools.gnu-tools-for-stm32.12.3.rel1.win32_1.1.0.202410251130/tools/bin/../lib/gcc/arm-none-eabi/12.3.1/../../../../arm-none-eabi/lib/thumb/v7e-m+fp/hard\libc_nano.a(libc_a-wsetup.o)
                0x08009b5c                __swsetup_r
 .text.memset   0x08009c08       0x10 C:/ST/STM32CubeIDE_1.16.1/STM32CubeIDE/plugins/com.st.stm32cube.ide.mcu.externaltools.gnu-tools-for-stm32.12.3.rel1.win32_1.1.0.202410251130/tools/bin/../lib/gcc/arm-none-eabi/12.3.1/../../../../arm-none-eabi/lib/thumb/v7e-m+fp/hard\libc_nano.a(libc_a-memset.o)
                0x08009c08                memset
 .text._close_r
                0x08009c18       0x20 C:/ST/STM32CubeIDE_1.16.1/STM32CubeIDE/plugins/com.st.stm32cube.ide.mcu.externaltools.gnu-tools-for-stm32.12.3.rel1.win32_1.1.0.202410251130/tools/bin/../lib/gcc/arm-none-eabi/12.3.1/../../../../arm-none-eabi/lib/thumb/v7e-m+fp/hard\libc_nano.a(libc_a-closer.o)
                0x08009c18                _close_r
 .text._lseek_r
                0x08009c38       0x24 C:/ST/STM32CubeIDE_1.16.1/STM32CubeIDE/plugins/com.st.stm32cube.ide.mcu.externaltools.gnu-tools-for-stm32.12.3.rel1.win32_1.1.0.202410251130/tools/bin/../lib/gcc/arm-none-eabi/12.3.1/../../../../arm-none-eabi/lib/thumb/v7e-m+fp/hard\libc_nano.a(libc_a-lseekr.o)
                0x08009c38                _lseek_r
 .text._read_r  0x08009c5c       0x24 C:/ST/STM32CubeIDE_1.16.1/STM32CubeIDE/plugins/com.st.stm32cube.ide.mcu.externaltools.gnu-tools-for-stm32.12.3.rel1.win32_1.1.0.202410251130/tools/bin/../lib/gcc/arm-none-eabi/12.3.1/../../../../arm-none-eabi/lib/thumb/v7e-m+fp/hard\libc_nano.a(libc_a-readr.o)
                0x08009c5c                _read_r
 .text._write_r
                0x08009c80       0x24 C:/ST/STM32CubeIDE_1.16.1/STM32CubeIDE/plugins/com.st.stm32cube.ide.mcu.externaltools.gnu-tools-for-stm32.12.3.rel1.win32_1.1.0.202410251130/tools/bin/../lib/gcc/arm-none-eabi/12.3.1/../../../../arm-none-eabi/lib/thumb/v7e-m+fp/hard\libc_nano.a(libc_a-writer.o)
                0x08009c80                _write_r
 .text.__errno  0x08009ca4        0xc C:/ST/STM32CubeIDE_1.16.1/STM32CubeIDE/plugins/com.st.stm32cube.ide.mcu.externaltools.gnu-tools-for-stm32.12.3.rel1.win32_1.1.0.202410251130/tools/bin/../lib/gcc/arm-none-eabi/12.3.1/../../../../arm-none-eabi/lib/thumb/v7e-m+fp/hard\libc_nano.a(libc_a-errno.o)
                0x08009ca4                __errno
 .text.__libc_init_array
                0x08009cb0       0x48 C:/ST/STM32CubeIDE_1.16.1/STM32CubeIDE/plugins/com.st.stm32cube.ide.mcu.externaltools.gnu-tools-for-stm32.12.3.rel1.win32_1.1.0.202410251130/tools/bin/../lib/gcc/arm-none-eabi/12.3.1/../../../../arm-none-eabi/lib/thumb/v7e-m+fp/hard\libc_nano.a(libc_a-init.o)
                0x08009cb0                __libc_init_array
 .text.__retarget_lock_init_recursive
                0x08009cf8        0x2 C:/ST/STM32CubeIDE_1.16.1/STM32CubeIDE/plugins/com.st.stm32cube.ide.mcu.externaltools.gnu-tools-for-stm32.12.3.rel1.win32_1.1.0.202410251130/tools/bin/../lib/gcc/arm-none-eabi/12.3.1/../../../../arm-none-eabi/lib/thumb/v7e-m+fp/hard\libc_nano.a(libc_a-lock.o)
                0x08009cf8                __retarget_lock_init_recursive
 .text.__retarget_lock_acquire_recursive
                0x08009cfa        0x2 C:/ST/STM32CubeIDE_1.16.1/STM32CubeIDE/plugins/com.st.stm32cube.ide.mcu.externaltools.gnu-tools-for-stm32.12.3.rel1.win32_1.1.0.202410251130/tools/bin/../lib/gcc/arm-none-eabi/12.3.1/../../../../arm-none-eabi/lib/thumb/v7e-m+fp/hard\libc_nano.a(libc_a-lock.o)
                0x08009cfa                __retarget_lock_acquire_recursive
 .text.__retarget_lock_release_recursive
                0x08009cfc        0x2 C:/ST/STM32CubeIDE_1.16.1/STM32CubeIDE/plugins/com.st.stm32cube.ide.mcu.externaltools.gnu-tools-for-stm32.12.3.rel1.win32_1.1.0.202410251130/tools/bin/../lib/gcc/arm-none-eabi/12.3.1/../../../../arm-none-eabi/lib/thumb/v7e-m+fp/hard\libc_nano.a(libc_a-lock.o)
                0x08009cfc                __retarget_lock_release_recursive
 *fill*         0x08009cfe        0x2 
 .text._free_r  0x08009d00       0x94 C:/ST/STM32CubeIDE_1.16.1/STM32CubeIDE/plugins/com.st.stm32cube.ide.mcu.externaltools.gnu-tools-for-stm32.12.3.rel1.win32_1.1.0.202410251130/tools/bin/../lib/gcc/arm-none-eabi/12.3.1/../../../../arm-none-eabi/lib/thumb/v7e-m+fp/hard\libc_nano.a(libc_a-freer.o)
                0x08009d00                _free_r
 .text.sbrk_aligned
                0x08009d94       0x44 C:/ST/STM32CubeIDE_1.16.1/STM32CubeIDE/plugins/com.st.stm32cube.ide.mcu.externaltools.gnu-tools-for-stm32.12.3.rel1.win32_1.1.0.202410251130/tools/bin/../lib/gcc/arm-none-eabi/12.3.1/../../../../arm-none-eabi/lib/thumb/v7e-m+fp/hard\libc_nano.a(libc_a-mallocr.o)
 .text._malloc_r
                0x08009dd8      0x100 C:/ST/STM32CubeIDE_1.16.1/STM32CubeIDE/plugins/com.st.stm32cube.ide.mcu.externaltools.gnu-tools-for-stm32.12.3.rel1.win32_1.1.0.202410251130/tools/bin/../lib/gcc/arm-none-eabi/12.3.1/../../../../arm-none-eabi/lib/thumb/v7e-m+fp/hard\libc_nano.a(libc_a-mallocr.o)
                0x08009dd8                _malloc_r
 .text.__malloc_lock
                0x08009ed8        0xc C:/ST/STM32CubeIDE_1.16.1/STM32CubeIDE/plugins/com.st.stm32cube.ide.mcu.externaltools.gnu-tools-for-stm32.12.3.rel1.win32_1.1.0.202410251130/tools/bin/../lib/gcc/arm-none-eabi/12.3.1/../../../../arm-none-eabi/lib/thumb/v7e-m+fp/hard\libc_nano.a(libc_a-mlock.o)
                0x08009ed8                __malloc_lock
 .text.__malloc_unlock
                0x08009ee4        0xc C:/ST/STM32CubeIDE_1.16.1/STM32CubeIDE/plugins/com.st.stm32cube.ide.mcu.externaltools.gnu-tools-for-stm32.12.3.rel1.win32_1.1.0.202410251130/tools/bin/../lib/gcc/arm-none-eabi/12.3.1/../../../../arm-none-eabi/lib/thumb/v7e-m+fp/hard\libc_nano.a(libc_a-mlock.o)
                0x08009ee4                __malloc_unlock
 .text.__ssputs_r
                0x08009ef0       0xb6 C:/ST/STM32CubeIDE_1.16.1/STM32CubeIDE/plugins/com.st.stm32cube.ide.mcu.externaltools.gnu-tools-for-stm32.12.3.rel1.win32_1.1.0.202410251130/tools/bin/../lib/gcc/arm-none-eabi/12.3.1/../../../../arm-none-eabi/lib/thumb/v7e-m+fp/hard\libc_nano.a(libc_a-nano-svfprintf.o)
                0x08009ef0                __ssputs_r
 *fill*         0x08009fa6        0x2 
 .text._svfprintf_r
                0x08009fa8      0x1f8 C:/ST/STM32CubeIDE_1.16.1/STM32CubeIDE/plugins/com.st.stm32cube.ide.mcu.externaltools.gnu-tools-for-stm32.12.3.rel1.win32_1.1.0.202410251130/tools/bin/../lib/gcc/arm-none-eabi/12.3.1/../../../../arm-none-eabi/lib/thumb/v7e-m+fp/hard\libc_nano.a(libc_a-nano-svfprintf.o)
                0x08009fa8                _svfiprintf_r
                0x08009fa8                _svfprintf_r
 .text._sungetc_r
                0x0800a1a0       0x76 C:/ST/STM32CubeIDE_1.16.1/STM32CubeIDE/plugins/com.st.stm32cube.ide.mcu.externaltools.gnu-tools-for-stm32.12.3.rel1.win32_1.1.0.202410251130/tools/bin/../lib/gcc/arm-none-eabi/12.3.1/../../../../arm-none-eabi/lib/thumb/v7e-m+fp/hard\libc_nano.a(libc_a-nano-svfscanf.o)
                0x0800a1a0                _sungetc_r
 .text.__ssrefill_r
                0x0800a216       0x3a C:/ST/STM32CubeIDE_1.16.1/STM32CubeIDE/plugins/com.st.stm32cube.ide.mcu.externaltools.gnu-tools-for-stm32.12.3.rel1.win32_1.1.0.202410251130/tools/bin/../lib/gcc/arm-none-eabi/12.3.1/../../../../arm-none-eabi/lib/thumb/v7e-m+fp/hard\libc_nano.a(libc_a-nano-svfscanf.o)
                0x0800a216                __ssrefill_r
 .text.__ssvfscanf_r
                0x0800a250      0x2e8 C:/ST/STM32CubeIDE_1.16.1/STM32CubeIDE/plugins/com.st.stm32cube.ide.mcu.externaltools.gnu-tools-for-stm32.12.3.rel1.win32_1.1.0.202410251130/tools/bin/../lib/gcc/arm-none-eabi/12.3.1/../../../../arm-none-eabi/lib/thumb/v7e-m+fp/hard\libc_nano.a(libc_a-nano-svfscanf.o)
                0x0800a250                __ssvfiscanf_r
                0x0800a250                __ssvfscanf_r
 .text.__sfputc_r
                0x0800a538       0x2e C:/ST/STM32CubeIDE_1.16.1/STM32CubeIDE/plugins/com.st.stm32cube.ide.mcu.externaltools.gnu-tools-for-stm32.12.3.rel1.win32_1.1.0.202410251130/tools/bin/../lib/gcc/arm-none-eabi/12.3.1/../../../../arm-none-eabi/lib/thumb/v7e-m+fp/hard\libc_nano.a(libc_a-nano-vfprintf.o)
 .text.__sfputs_r
                0x0800a566       0x24 C:/ST/STM32CubeIDE_1.16.1/STM32CubeIDE/plugins/com.st.stm32cube.ide.mcu.externaltools.gnu-tools-for-stm32.12.3.rel1.win32_1.1.0.202410251130/tools/bin/../lib/gcc/arm-none-eabi/12.3.1/../../../../arm-none-eabi/lib/thumb/v7e-m+fp/hard\libc_nano.a(libc_a-nano-vfprintf.o)
                0x0800a566                __sfputs_r
 *fill*         0x0800a58a        0x2 
 .text._vfprintf_r
                0x0800a58c      0x230 C:/ST/STM32CubeIDE_1.16.1/STM32CubeIDE/plugins/com.st.stm32cube.ide.mcu.externaltools.gnu-tools-for-stm32.12.3.rel1.win32_1.1.0.202410251130/tools/bin/../lib/gcc/arm-none-eabi/12.3.1/../../../../arm-none-eabi/lib/thumb/v7e-m+fp/hard\libc_nano.a(libc_a-nano-vfprintf.o)
                0x0800a58c                _vfprintf_r
                0x0800a58c                _vfiprintf_r
 .text._printf_common
                0x0800a7bc       0xda C:/ST/STM32CubeIDE_1.16.1/STM32CubeIDE/plugins/com.st.stm32cube.ide.mcu.externaltools.gnu-tools-for-stm32.12.3.rel1.win32_1.1.0.202410251130/tools/bin/../lib/gcc/arm-none-eabi/12.3.1/../../../../arm-none-eabi/lib/thumb/v7e-m+fp/hard\libc_nano.a(libc_a-nano-vfprintf_i.o)
                0x0800a7bc                _printf_common
 *fill*         0x0800a896        0x2 
 .text._printf_i
                0x0800a898      0x240 C:/ST/STM32CubeIDE_1.16.1/STM32CubeIDE/plugins/com.st.stm32cube.ide.mcu.externaltools.gnu-tools-for-stm32.12.3.rel1.win32_1.1.0.202410251130/tools/bin/../lib/gcc/arm-none-eabi/12.3.1/../../../../arm-none-eabi/lib/thumb/v7e-m+fp/hard\libc_nano.a(libc_a-nano-vfprintf_i.o)
                0x0800a898                _printf_i
 .text._scanf_chars
                0x0800aad8       0xb4 C:/ST/STM32CubeIDE_1.16.1/STM32CubeIDE/plugins/com.st.stm32cube.ide.mcu.externaltools.gnu-tools-for-stm32.12.3.rel1.win32_1.1.0.202410251130/tools/bin/../lib/gcc/arm-none-eabi/12.3.1/../../../../arm-none-eabi/lib/thumb/v7e-m+fp/hard\libc_nano.a(libc_a-nano-vfscanf_i.o)
                0x0800aad8                _scanf_chars
 .text._scanf_i
                0x0800ab8c      0x1e8 C:/ST/STM32CubeIDE_1.16.1/STM32CubeIDE/plugins/com.st.stm32cube.ide.mcu.externaltools.gnu-tools-for-stm32.12.3.rel1.win32_1.1.0.202410251130/tools/bin/../lib/gcc/arm-none-eabi/12.3.1/../../../../arm-none-eabi/lib/thumb/v7e-m+fp/hard\libc_nano.a(libc_a-nano-vfscanf_i.o)
                0x0800ab8c                _scanf_i
 .text.__sflush_r
                0x0800ad74      0x108 C:/ST/STM32CubeIDE_1.16.1/STM32CubeIDE/plugins/com.st.stm32cube.ide.mcu.externaltools.gnu-tools-for-stm32.12.3.rel1.win32_1.1.0.202410251130/tools/bin/../lib/gcc/arm-none-eabi/12.3.1/../../../../arm-none-eabi/lib/thumb/v7e-m+fp/hard\libc_nano.a(libc_a-fflush.o)
                0x0800ad74                __sflush_r
 .text._fflush_r
                0x0800ae7c       0x50 C:/ST/STM32CubeIDE_1.16.1/STM32CubeIDE/plugins/com.st.stm32cube.ide.mcu.externaltools.gnu-tools-for-stm32.12.3.rel1.win32_1.1.0.202410251130/tools/bin/../lib/gcc/arm-none-eabi/12.3.1/../../../../arm-none-eabi/lib/thumb/v7e-m+fp/hard\libc_nano.a(libc_a-fflush.o)
                0x0800ae7c                _fflush_r
 .text.__swhatbuf_r
                0x0800aecc       0x4c C:/ST/STM32CubeIDE_1.16.1/STM32CubeIDE/plugins/com.st.stm32cube.ide.mcu.externaltools.gnu-tools-for-stm32.12.3.rel1.win32_1.1.0.202410251130/tools/bin/../lib/gcc/arm-none-eabi/12.3.1/../../../../arm-none-eabi/lib/thumb/v7e-m+fp/hard\libc_nano.a(libc_a-makebuf.o)
                0x0800aecc                __swhatbuf_r
 .text.__smakebuf_r
                0x0800af18       0x78 C:/ST/STM32CubeIDE_1.16.1/STM32CubeIDE/plugins/com.st.stm32cube.ide.mcu.externaltools.gnu-tools-for-stm32.12.3.rel1.win32_1.1.0.202410251130/tools/bin/../lib/gcc/arm-none-eabi/12.3.1/../../../../arm-none-eabi/lib/thumb/v7e-m+fp/hard\libc_nano.a(libc_a-makebuf.o)
                0x0800af18                __smakebuf_r
 .text.__sccl   0x0800af90       0x72 C:/ST/STM32CubeIDE_1.16.1/STM32CubeIDE/plugins/com.st.stm32cube.ide.mcu.externaltools.gnu-tools-for-stm32.12.3.rel1.win32_1.1.0.202410251130/tools/bin/../lib/gcc/arm-none-eabi/12.3.1/../../../../arm-none-eabi/lib/thumb/v7e-m+fp/hard\libc_nano.a(libc_a-sccl.o)
                0x0800af90                __sccl
 .text.__submore
                0x0800b002       0x74 C:/ST/STM32CubeIDE_1.16.1/STM32CubeIDE/plugins/com.st.stm32cube.ide.mcu.externaltools.gnu-tools-for-stm32.12.3.rel1.win32_1.1.0.202410251130/tools/bin/../lib/gcc/arm-none-eabi/12.3.1/../../../../arm-none-eabi/lib/thumb/v7e-m+fp/hard\libc_nano.a(libc_a-ungetc.o)
                0x0800b002                __submore
 .text.memmove  0x0800b076       0x34 C:/ST/STM32CubeIDE_1.16.1/STM32CubeIDE/plugins/com.st.stm32cube.ide.mcu.externaltools.gnu-tools-for-stm32.12.3.rel1.win32_1.1.0.202410251130/tools/bin/../lib/gcc/arm-none-eabi/12.3.1/../../../../arm-none-eabi/lib/thumb/v7e-m+fp/hard\libc_nano.a(libc_a-memmove.o)
                0x0800b076                memmove
 *fill*         0x0800b0aa        0x2 
 .text._fstat_r
                0x0800b0ac       0x24 C:/ST/STM32CubeIDE_1.16.1/STM32CubeIDE/plugins/com.st.stm32cube.ide.mcu.externaltools.gnu-tools-for-stm32.12.3.rel1.win32_1.1.0.202410251130/tools/bin/../lib/gcc/arm-none-eabi/12.3.1/../../../../arm-none-eabi/lib/thumb/v7e-m+fp/hard\libc_nano.a(libc_a-fstatr.o)
                0x0800b0ac                _fstat_r
 .text._isatty_r
                0x0800b0d0       0x20 C:/ST/STM32CubeIDE_1.16.1/STM32CubeIDE/plugins/com.st.stm32cube.ide.mcu.externaltools.gnu-tools-for-stm32.12.3.rel1.win32_1.1.0.202410251130/tools/bin/../lib/gcc/arm-none-eabi/12.3.1/../../../../arm-none-eabi/lib/thumb/v7e-m+fp/hard\libc_nano.a(libc_a-isattyr.o)
                0x0800b0d0                _isatty_r
 .text._sbrk_r  0x0800b0f0       0x20 C:/ST/STM32CubeIDE_1.16.1/STM32CubeIDE/plugins/com.st.stm32cube.ide.mcu.externaltools.gnu-tools-for-stm32.12.3.rel1.win32_1.1.0.202410251130/tools/bin/../lib/gcc/arm-none-eabi/12.3.1/../../../../arm-none-eabi/lib/thumb/v7e-m+fp/hard\libc_nano.a(libc_a-sbrkr.o)
                0x0800b0f0                _sbrk_r
 .text.memcpy   0x0800b110       0x1c C:/ST/STM32CubeIDE_1.16.1/STM32CubeIDE/plugins/com.st.stm32cube.ide.mcu.externaltools.gnu-tools-for-stm32.12.3.rel1.win32_1.1.0.202410251130/tools/bin/../lib/gcc/arm-none-eabi/12.3.1/../../../../arm-none-eabi/lib/thumb/v7e-m+fp/hard\libc_nano.a(libc_a-memcpy-stub.o)
                0x0800b110                memcpy
 .text._realloc_r
                0x0800b12c       0x5c C:/ST/STM32CubeIDE_1.16.1/STM32CubeIDE/plugins/com.st.stm32cube.ide.mcu.externaltools.gnu-tools-for-stm32.12.3.rel1.win32_1.1.0.202410251130/tools/bin/../lib/gcc/arm-none-eabi/12.3.1/../../../../arm-none-eabi/lib/thumb/v7e-m+fp/hard\libc_nano.a(libc_a-reallocr.o)
                0x0800b12c                _realloc_r
 .text._strtol_l.constprop.0
                0x0800b188       0xf4 C:/ST/STM32CubeIDE_1.16.1/STM32CubeIDE/plugins/com.st.stm32cube.ide.mcu.externaltools.gnu-tools-for-stm32.12.3.rel1.win32_1.1.0.202410251130/tools/bin/../lib/gcc/arm-none-eabi/12.3.1/../../../../arm-none-eabi/lib/thumb/v7e-m+fp/hard\libc_nano.a(libc_a-strtol.o)
 .text._strtol_r
                0x0800b27c        0x4 C:/ST/STM32CubeIDE_1.16.1/STM32CubeIDE/plugins/com.st.stm32cube.ide.mcu.externaltools.gnu-tools-for-stm32.12.3.rel1.win32_1.1.0.202410251130/tools/bin/../lib/gcc/arm-none-eabi/12.3.1/../../../../arm-none-eabi/lib/thumb/v7e-m+fp/hard\libc_nano.a(libc_a-strtol.o)
                0x0800b27c                _strtol_r
 .text._strtoul_l.constprop.0
                0x0800b280       0xdc C:/ST/STM32CubeIDE_1.16.1/STM32CubeIDE/plugins/com.st.stm32cube.ide.mcu.externaltools.gnu-tools-for-stm32.12.3.rel1.win32_1.1.0.202410251130/tools/bin/../lib/gcc/arm-none-eabi/12.3.1/../../../../arm-none-eabi/lib/thumb/v7e-m+fp/hard\libc_nano.a(libc_a-strtoul.o)
 .text._strtoul_r
                0x0800b35c        0x4 C:/ST/STM32CubeIDE_1.16.1/STM32CubeIDE/plugins/com.st.stm32cube.ide.mcu.externaltools.gnu-tools-for-stm32.12.3.rel1.win32_1.1.0.202410251130/tools/bin/../lib/gcc/arm-none-eabi/12.3.1/../../../../arm-none-eabi/lib/thumb/v7e-m+fp/hard\libc_nano.a(libc_a-strtoul.o)
                0x0800b35c                _strtoul_r
 .text._malloc_usable_size_r
                0x0800b360       0x10 C:/ST/STM32CubeIDE_1.16.1/STM32CubeIDE/plugins/com.st.stm32cube.ide.mcu.externaltools.gnu-tools-for-stm32.12.3.rel1.win32_1.1.0.202410251130/tools/bin/../lib/gcc/arm-none-eabi/12.3.1/../../../../arm-none-eabi/lib/thumb/v7e-m+fp/hard\libc_nano.a(libc_a-msizer.o)
                0x0800b360                _malloc_usable_size_r
 *(.glue_7)
 .glue_7        0x0800b370        0x0 linker stubs
 *(.glue_7t)
 .glue_7t       0x0800b370        0x0 linker stubs
 *(.eh_frame)
 .eh_frame      0x0800b370        0x0 C:/ST/STM32CubeIDE_1.16.1/STM32CubeIDE/plugins/com.st.stm32cube.ide.mcu.externaltools.gnu-tools-for-stm32.12.3.rel1.win32_1.1.0.202410251130/tools/bin/../lib/gcc/arm-none-eabi/12.3.1/thumb/v7e-m+fp/hard/crtbegin.o
 *(.init)
 .init          0x0800b370        0x4 C:/ST/STM32CubeIDE_1.16.1/STM32CubeIDE/plugins/com.st.stm32cube.ide.mcu.externaltools.gnu-tools-for-stm32.12.3.rel1.win32_1.1.0.202410251130/tools/bin/../lib/gcc/arm-none-eabi/12.3.1/thumb/v7e-m+fp/hard/crti.o
                0x0800b370                _init
 .init          0x0800b374        0x8 C:/ST/STM32CubeIDE_1.16.1/STM32CubeIDE/plugins/com.st.stm32cube.ide.mcu.externaltools.gnu-tools-for-stm32.12.3.rel1.win32_1.1.0.202410251130/tools/bin/../lib/gcc/arm-none-eabi/12.3.1/thumb/v7e-m+fp/hard/crtn.o
 *(.fini)
 .fini          0x0800b37c        0x4 C:/ST/STM32CubeIDE_1.16.1/STM32CubeIDE/plugins/com.st.stm32cube.ide.mcu.externaltools.gnu-tools-for-stm32.12.3.rel1.win32_1.1.0.202410251130/tools/bin/../lib/gcc/arm-none-eabi/12.3.1/thumb/v7e-m+fp/hard/crti.o
                0x0800b37c                _fini
 .fini          0x0800b380        0x8 C:/ST/STM32CubeIDE_1.16.1/STM32CubeIDE/plugins/com.st.stm32cube.ide.mcu.externaltools.gnu-tools-for-stm32.12.3.rel1.win32_1.1.0.202410251130/tools/bin/../lib/gcc/arm-none-eabi/12.3.1/thumb/v7e-m+fp/hard/crtn.o
                0x0800b388                        . = ALIGN (0x4)
                0x0800b388                        _etext = .

.vfp11_veneer   0x0800b388        0x0
 .vfp11_veneer  0x0800b388        0x0 linker stubs

.v4_bx          0x0800b388        0x0
 .v4_bx         0x0800b388        0x0 linker stubs

.iplt           0x0800b388        0x0
 .iplt          0x0800b388        0x0 C:/ST/STM32CubeIDE_1.16.1/STM32CubeIDE/plugins/com.st.stm32cube.ide.mcu.externaltools.gnu-tools-for-stm32.12.3.rel1.win32_1.1.0.202410251130/tools/bin/../lib/gcc/arm-none-eabi/12.3.1/thumb/v7e-m+fp/hard/crtbegin.o

.rodata         0x0800b388      0x308
                0x0800b388                        . = ALIGN (0x4)
 *(.rodata)
 .rodata        0x0800b388       0x9f ./Core/Src/main.o
 *fill*         0x0800b427        0x1 
 .rodata        0x0800b428       0x84 ./USB_DEVICE/App/usbd_cdc_if.o
 .rodata        0x0800b4ac       0x46 ./USB_DEVICE/App/usbd_desc.o
 *fill*         0x0800b4f2        0x2 
 .rodata        0x0800b4f4        0xc C:/ST/STM32CubeIDE_1.16.1/STM32CubeIDE/plugins/com.st.stm32cube.ide.mcu.externaltools.gnu-tools-for-stm32.12.3.rel1.win32_1.1.0.202410251130/tools/bin/../lib/gcc/arm-none-eabi/12.3.1/../../../../arm-none-eabi/lib/thumb/v7e-m+fp/hard\libc_nano.a(libc_a-nano-vfscanf_i.o)
 *(.rodata*)
 .rodata.AHBPrescTable
                0x0800b500       0x10 ./Core/Src/system_stm32l4xx.o
                0x0800b500                AHBPrescTable
 .rodata.MSIRangeTable
                0x0800b510       0x30 ./Core/Src/system_stm32l4xx.o
                0x0800b510                MSIRangeTable
 .rodata._svfprintf_r.str1.1
                0x0800b540       0x11 C:/ST/STM32CubeIDE_1.16.1/STM32CubeIDE/plugins/com.st.stm32cube.ide.mcu.externaltools.gnu-tools-for-stm32.12.3.rel1.win32_1.1.0.202410251130/tools/bin/../lib/gcc/arm-none-eabi/12.3.1/../../../../arm-none-eabi/lib/thumb/v7e-m+fp/hard\libc_nano.a(libc_a-nano-svfprintf.o)
 .rodata.__ssvfscanf_r.str1.1
                0x0800b551        0x4 C:/ST/STM32CubeIDE_1.16.1/STM32CubeIDE/plugins/com.st.stm32cube.ide.mcu.externaltools.gnu-tools-for-stm32.12.3.rel1.win32_1.1.0.202410251130/tools/bin/../lib/gcc/arm-none-eabi/12.3.1/../../../../arm-none-eabi/lib/thumb/v7e-m+fp/hard\libc_nano.a(libc_a-nano-svfscanf.o)
 .rodata._vfprintf_r.str1.1
                0x0800b551       0x11 C:/ST/STM32CubeIDE_1.16.1/STM32CubeIDE/plugins/com.st.stm32cube.ide.mcu.externaltools.gnu-tools-for-stm32.12.3.rel1.win32_1.1.0.202410251130/tools/bin/../lib/gcc/arm-none-eabi/12.3.1/../../../../arm-none-eabi/lib/thumb/v7e-m+fp/hard\libc_nano.a(libc_a-nano-vfprintf.o)
 .rodata._printf_i.str1.1
                0x0800b551       0x22 C:/ST/STM32CubeIDE_1.16.1/STM32CubeIDE/plugins/com.st.stm32cube.ide.mcu.externaltools.gnu-tools-for-stm32.12.3.rel1.win32_1.1.0.202410251130/tools/bin/../lib/gcc/arm-none-eabi/12.3.1/../../../../arm-none-eabi/lib/thumb/v7e-m+fp/hard\libc_nano.a(libc_a-nano-vfprintf_i.o)
 .rodata._scanf_i.str1.1
                0x0800b573       0x12 C:/ST/STM32CubeIDE_1.16.1/STM32CubeIDE/plugins/com.st.stm32cube.ide.mcu.externaltools.gnu-tools-for-stm32.12.3.rel1.win32_1.1.0.202410251130/tools/bin/../lib/gcc/arm-none-eabi/12.3.1/../../../../arm-none-eabi/lib/thumb/v7e-m+fp/hard\libc_nano.a(libc_a-nano-vfscanf_i.o)
 .rodata.str1.1
                0x0800b585        0x9 C:/ST/STM32CubeIDE_1.16.1/STM32CubeIDE/plugins/com.st.stm32cube.ide.mcu.externaltools.gnu-tools-for-stm32.12.3.rel1.win32_1.1.0.202410251130/tools/bin/../lib/gcc/arm-none-eabi/12.3.1/../../../../arm-none-eabi/lib/thumb/v7e-m+fp/hard\libc_nano.a(libc_a-nano-vfscanf_i.o)
 .rodata._ctype_
                0x0800b58e      0x101 C:/ST/STM32CubeIDE_1.16.1/STM32CubeIDE/plugins/com.st.stm32cube.ide.mcu.externaltools.gnu-tools-for-stm32.12.3.rel1.win32_1.1.0.202410251130/tools/bin/../lib/gcc/arm-none-eabi/12.3.1/../../../../arm-none-eabi/lib/thumb/v7e-m+fp/hard\libc_nano.a(libc_a-ctype_.o)
                0x0800b58e                _ctype_
                0x0800b690                        . = ALIGN (0x4)
 *fill*         0x0800b68f        0x1 

.ARM.extab      0x0800b690        0x0
                0x0800b690                        . = ALIGN (0x4)
 *(.ARM.extab* .gnu.linkonce.armextab.*)
                0x0800b690                        . = ALIGN (0x4)

.ARM            0x0800b690        0x8
                0x0800b690                        . = ALIGN (0x4)
                0x0800b690                        __exidx_start = .
 *(.ARM.exidx*)
 .ARM.exidx     0x0800b690        0x8 C:/ST/STM32CubeIDE_1.16.1/STM32CubeIDE/plugins/com.st.stm32cube.ide.mcu.externaltools.gnu-tools-for-stm32.12.3.rel1.win32_1.1.0.202410251130/tools/bin/../lib/gcc/arm-none-eabi/12.3.1/../../../../arm-none-eabi/lib/thumb/v7e-m+fp/hard\libc_nano.a(libc_a-strcmp.o)
 .ARM.exidx     0x0800b698        0x0 C:/ST/STM32CubeIDE_1.16.1/STM32CubeIDE/plugins/com.st.stm32cube.ide.mcu.externaltools.gnu-tools-for-stm32.12.3.rel1.win32_1.1.0.202410251130/tools/bin/../lib/gcc/arm-none-eabi/12.3.1/../../../../arm-none-eabi/lib/thumb/v7e-m+fp/hard\libc_nano.a(libc_a-strlen.o)
                                  0x8 (size before relaxing)
 .ARM.exidx     0x0800b698        0x0 C:/ST/STM32CubeIDE_1.16.1/STM32CubeIDE/plugins/com.st.stm32cube.ide.mcu.externaltools.gnu-tools-for-stm32.12.3.rel1.win32_1.1.0.202410251130/tools/bin/../lib/gcc/arm-none-eabi/12.3.1/../../../../arm-none-eabi/lib/thumb/v7e-m+fp/hard\libc_nano.a(libc_a-memchr.o)
                                  0x8 (size before relaxing)
                0x0800b698                        __exidx_end = .
                0x0800b698                        . = ALIGN (0x4)

.preinit_array  0x0800b698        0x0
                0x0800b698                        . = ALIGN (0x4)
                0x0800b698                        PROVIDE (__preinit_array_start = .)
 *(.preinit_array*)
                0x0800b698                        PROVIDE (__preinit_array_end = .)
                0x0800b698                        . = ALIGN (0x4)

.init_array     0x0800b698        0x4
                0x0800b698                        . = ALIGN (0x4)
                0x0800b698                        PROVIDE (__init_array_start = .)
 *(SORT_BY_NAME(.init_array.*))
 *(.init_array*)
 .init_array    0x0800b698        0x4 C:/ST/STM32CubeIDE_1.16.1/STM32CubeIDE/plugins/com.st.stm32cube.ide.mcu.externaltools.gnu-tools-for-stm32.12.3.rel1.win32_1.1.0.202410251130/tools/bin/../lib/gcc/arm-none-eabi/12.3.1/thumb/v7e-m+fp/hard/crtbegin.o
                0x0800b69c                        PROVIDE (__init_array_end = .)
                0x0800b69c                        . = ALIGN (0x4)

.fini_array     0x0800b69c        0x4
                0x0800b69c                        . = ALIGN (0x4)
                [!provide]                        PROVIDE (__fini_array_start = .)
 *(SORT_BY_NAME(.fini_array.*))
 *(.fini_array*)
 .fini_array    0x0800b69c        0x4 C:/ST/STM32CubeIDE_1.16.1/STM32CubeIDE/plugins/com.st.stm32cube.ide.mcu.externaltools.gnu-tools-for-stm32.12.3.rel1.win32_1.1.0.202410251130/tools/bin/../lib/gcc/arm-none-eabi/12.3.1/thumb/v7e-m+fp/hard/crtbegin.o
                [!provide]                        PROVIDE (__fini_array_end = .)
                0x0800b6a0                        . = ALIGN (0x4)
                0x0800b6a0                        _sidata = LOADADDR (.data)

.rel.dyn        0x0800b6a0        0x0
 .rel.iplt      0x0800b6a0        0x0 C:/ST/STM32CubeIDE_1.16.1/STM32CubeIDE/plugins/com.st.stm32cube.ide.mcu.externaltools.gnu-tools-for-stm32.12.3.rel1.win32_1.1.0.202410251130/tools/bin/../lib/gcc/arm-none-eabi/12.3.1/thumb/v7e-m+fp/hard/crtbegin.o

.data           0x20000000      0x168 load address 0x0800b6a0
                0x20000000                        . = ALIGN (0x4)
                0x20000000                        _sdata = .
 *(.data)
 *(.data*)
 .data.SystemCoreClock
                0x20000000        0x4 ./Core/Src/system_stm32l4xx.o
                0x20000000                SystemCoreClock
 .data.uwTickPrio
                0x20000004        0x4 ./Drivers/STM32L4xx_HAL_Driver/Src/stm32l4xx_hal.o
                0x20000004                uwTickPrio
 .data.uwTickFreq
                0x20000008        0x1 ./Drivers/STM32L4xx_HAL_Driver/Src/stm32l4xx_hal.o
                0x20000008                uwTickFreq
 *fill*         0x20000009        0x3 
 .data.USBD_CDC_DeviceQualifierDesc
                0x2000000c        0xa ./Middlewares/ST/STM32_USB_Device_Library/Class/CDC/Src/usbd_cdc.o
 *fill*         0x20000016        0x2 
 .data.USBD_CDC
                0x20000018       0x38 ./Middlewares/ST/STM32_USB_Device_Library/Class/CDC/Src/usbd_cdc.o
                0x20000018                USBD_CDC
 .data.USBD_CDC_CfgDesc
                0x20000050       0x43 ./Middlewares/ST/STM32_USB_Device_Library/Class/CDC/Src/usbd_cdc.o
 .data.CDCInEpAdd
                0x20000093        0x1 ./Middlewares/ST/STM32_USB_Device_Library/Class/CDC/Src/usbd_cdc.o
 .data.CDCOutEpAdd
                0x20000094        0x1 ./Middlewares/ST/STM32_USB_Device_Library/Class/CDC/Src/usbd_cdc.o
 .data.CDCCmdEpAdd
                0x20000095        0x1 ./Middlewares/ST/STM32_USB_Device_Library/Class/CDC/Src/usbd_cdc.o
 *fill*         0x20000096        0x2 
 .data.USBD_Interface_fops_FS
                0x20000098       0x14 ./USB_DEVICE/App/usbd_cdc_if.o
                0x20000098                USBD_Interface_fops_FS
 .data.FS_Desc  0x200000ac       0x20 ./USB_DEVICE/App/usbd_desc.o
                0x200000ac                FS_Desc
 .data.USBD_FS_DeviceDesc
                0x200000cc       0x12 ./USB_DEVICE/App/usbd_desc.o
                0x200000cc                USBD_FS_DeviceDesc
 *fill*         0x200000de        0x2 
 .data.USBD_FS_BOSDesc
                0x200000e0        0xc ./USB_DEVICE/App/usbd_desc.o
                0x200000e0                USBD_FS_BOSDesc
 .data.USBD_LangIDDesc
                0x200000ec        0x4 ./USB_DEVICE/App/usbd_desc.o
                0x200000ec                USBD_LangIDDesc
 .data.USBD_StringSerial
                0x200000f0       0x1a ./USB_DEVICE/App/usbd_desc.o
                0x200000f0                USBD_StringSerial
 *fill*         0x2000010a        0x2 
 .data.__sglue  0x2000010c        0xc C:/ST/STM32CubeIDE_1.16.1/STM32CubeIDE/plugins/com.st.stm32cube.ide.mcu.externaltools.gnu-tools-for-stm32.12.3.rel1.win32_1.1.0.202410251130/tools/bin/../lib/gcc/arm-none-eabi/12.3.1/../../../../arm-none-eabi/lib/thumb/v7e-m+fp/hard\libc_nano.a(libc_a-findfp.o)
                0x2000010c                __sglue
 .data._impure_ptr
                0x20000118        0x4 C:/ST/STM32CubeIDE_1.16.1/STM32CubeIDE/plugins/com.st.stm32cube.ide.mcu.externaltools.gnu-tools-for-stm32.12.3.rel1.win32_1.1.0.202410251130/tools/bin/../lib/gcc/arm-none-eabi/12.3.1/../../../../arm-none-eabi/lib/thumb/v7e-m+fp/hard\libc_nano.a(libc_a-impure.o)
                0x20000118                _impure_ptr
 .data._impure_data
                0x2000011c       0x4c C:/ST/STM32CubeIDE_1.16.1/STM32CubeIDE/plugins/com.st.stm32cube.ide.mcu.externaltools.gnu-tools-for-stm32.12.3.rel1.win32_1.1.0.202410251130/tools/bin/../lib/gcc/arm-none-eabi/12.3.1/../../../../arm-none-eabi/lib/thumb/v7e-m+fp/hard\libc_nano.a(libc_a-impure.o)
                0x2000011c                _impure_data
 *(.RamFunc)
 *(.RamFunc*)
                0x20000168                        . = ALIGN (0x4)
                0x20000168                        _edata = .

.igot.plt       0x20000168        0x0 load address 0x0800b808
 .igot.plt      0x20000168        0x0 C:/ST/STM32CubeIDE_1.16.1/STM32CubeIDE/plugins/com.st.stm32cube.ide.mcu.externaltools.gnu-tools-for-stm32.12.3.rel1.win32_1.1.0.202410251130/tools/bin/../lib/gcc/arm-none-eabi/12.3.1/thumb/v7e-m+fp/hard/crtbegin.o
                0x20000168                        . = ALIGN (0x4)

.bss            0x20000168     0x1edc load address 0x0800b808
                0x20000168                        _sbss = .
                0x20000168                        __bss_start__ = _sbss
 *(.bss)
 .bss           0x20000168       0x1c C:/ST/STM32CubeIDE_1.16.1/STM32CubeIDE/plugins/com.st.stm32cube.ide.mcu.externaltools.gnu-tools-for-stm32.12.3.rel1.win32_1.1.0.202410251130/tools/bin/../lib/gcc/arm-none-eabi/12.3.1/thumb/v7e-m+fp/hard/crtbegin.o
 *(.bss*)
 .bss.htim6     0x20000184       0x4c ./Core/Src/main.o
                0x20000184                htim6
 .bss.LED1      0x200001d0        0x1 ./Core/Src/main.o
                0x200001d0                LED1
 .bss.LED2      0x200001d1        0x1 ./Core/Src/main.o
                0x200001d1                LED2
 .bss.Timer6_flag
                0x200001d2        0x1 ./Core/Src/main.o
                0x200001d2                Timer6_flag
 *fill*         0x200001d3        0x1 
 .bss.tim6_val  0x200001d4        0x4 ./Core/Src/main.o
                0x200001d4                tim6_val
 .bss.tim6_overflow
                0x200001d8        0x4 ./Core/Src/main.o
                0x200001d8                tim6_overflow
 .bss.flow_start
                0x200001dc        0xc ./Core/Src/main.o
                0x200001dc                flow_start
 .bss.pump1     0x200001e8        0xc ./Core/Src/main.o
                0x200001e8                pump1
 .bss.pump2     0x200001f4        0xc ./Core/Src/main.o
                0x200001f4                pump2
 .bss.pump3     0x20000200        0xc ./Core/Src/main.o
                0x20000200                pump3
 *fill*         0x2000020c        0x4 
 .bss.flow      0x20000210       0x30 ./Core/Src/main.o
                0x20000210                flow
 .bss.valve     0x20000240       0x48 ./Core/Src/main.o
                0x20000240                valve
 .bss.__sbrk_heap_end
                0x20000288        0x4 ./Core/Src/sysmem.o
 .bss.uwTick    0x2000028c        0x4 ./Drivers/STM32L4xx_HAL_Driver/Src/stm32l4xx_hal.o
                0x2000028c                uwTick
 .bss.cfgidx.0  0x20000290        0x1 ./Middlewares/ST/STM32_USB_Device_Library/Core/Src/usbd_ctlreq.o
 *fill*         0x20000291        0x3 
 .bss.hUsbDeviceFS
                0x20000294      0x2dc ./USB_DEVICE/App/usb_device.o
                0x20000294                hUsbDeviceFS
 .bss.command_buffer
                0x20000570       0x80 ./USB_DEVICE/App/usbd_cdc_if.o
 .bss.command_index
                0x200005f0        0x1 ./USB_DEVICE/App/usbd_cdc_if.o
 *fill*         0x200005f1        0x3 
 .bss.UserRxBufferFS
                0x200005f4      0x800 ./USB_DEVICE/App/usbd_cdc_if.o
                0x200005f4                UserRxBufferFS
 .bss.UserTxBufferFS
                0x20000df4      0x800 ./USB_DEVICE/App/usbd_cdc_if.o
                0x20000df4                UserTxBufferFS
 .bss.USBD_StrDesc
                0x200015f4      0x200 ./USB_DEVICE/App/usbd_desc.o
                0x200015f4                USBD_StrDesc
 .bss.hpcd_USB_OTG_FS
                0x200017f4      0x4e4 ./USB_DEVICE/Target/usbd_conf.o
                0x200017f4                hpcd_USB_OTG_FS
 .bss.mem.0     0x20001cd8      0x220 ./USB_DEVICE/Target/usbd_conf.o
 .bss.__sf      0x20001ef8      0x138 C:/ST/STM32CubeIDE_1.16.1/STM32CubeIDE/plugins/com.st.stm32cube.ide.mcu.externaltools.gnu-tools-for-stm32.12.3.rel1.win32_1.1.0.202410251130/tools/bin/../lib/gcc/arm-none-eabi/12.3.1/../../../../arm-none-eabi/lib/thumb/v7e-m+fp/hard\libc_nano.a(libc_a-findfp.o)
                0x20001ef8                __sf
 .bss.__stdio_exit_handler
                0x20002030        0x4 C:/ST/STM32CubeIDE_1.16.1/STM32CubeIDE/plugins/com.st.stm32cube.ide.mcu.externaltools.gnu-tools-for-stm32.12.3.rel1.win32_1.1.0.202410251130/tools/bin/../lib/gcc/arm-none-eabi/12.3.1/../../../../arm-none-eabi/lib/thumb/v7e-m+fp/hard\libc_nano.a(libc_a-findfp.o)
                0x20002030                __stdio_exit_handler
 .bss.errno     0x20002034        0x4 C:/ST/STM32CubeIDE_1.16.1/STM32CubeIDE/plugins/com.st.stm32cube.ide.mcu.externaltools.gnu-tools-for-stm32.12.3.rel1.win32_1.1.0.202410251130/tools/bin/../lib/gcc/arm-none-eabi/12.3.1/../../../../arm-none-eabi/lib/thumb/v7e-m+fp/hard\libc_nano.a(libc_a-reent.o)
                0x20002034                errno
 .bss.__lock___malloc_recursive_mutex