../Core/Src/main.c:111:5:main	8	static
../Core/Src/main.c:170:6:SystemClock_Config	104	static
../Core/Src/main.c:219:13:MX_TIM6_Init	24	static
../Core/Src/main.c:257:13:MX_GPIO_Init	48	static
../Core/Src/main.c:333:5:_write	24	static
../Core/Src/main.c:339:13:DWT_DelayInit	4	static
../Core/Src/main.c:346:20:Delay_us	24	static
../Core/Src/main.c:354:6:HAL_TIM_PeriodElapsedCallback	16	static
../Core/Src/main.c:362:6:HAL_GPIO_EXTI_Callback	16	static
../Core/Src/main.c:402:6:Update_LED	8	static
../Core/Src/main.c:410:6:Timer6_test	8	static
../Core/Src/main.c:422:10:Get_timer6_us	16	static
../Core/Src/main.c:428:6:PumpCtrl	16	static
../Core/Src/main.c:487:6:PumpGPIO	16	static
../Core/Src/main.c:548:6:BootstrapCharge	16	static
../Core/Src/main.c:563:6:Pumpoff	16	static
../Core/Src/main.c:590:6:Readflow	40	static
../Core/Src/main.c:601:6:ValveCtrl	16	static
../Core/Src/main.c:625:6:ValveGPIO	16	static
../Core/Src/main.c:661:6:Error_Handler	4	static,ignoring_inline_asm
