../Core/Src/main.c:111:5:main	8	static
../Core/Src/main.c:168:6:SystemClock_Config	104	static
../Core/Src/main.c:217:13:MX_TIM6_Init	24	static
../Core/Src/main.c:255:13:MX_GPIO_Init	48	static
../Core/Src/main.c:327:5:_write	24	static
../Core/Src/main.c:333:13:DWT_DelayInit	4	static
../Core/Src/main.c:340:20:Delay_us	24	static
../Core/Src/main.c:348:6:HAL_TIM_PeriodElapsedCallback	16	static
../Core/Src/main.c:356:6:HAL_GPIO_EXTI_Callback	16	static
../Core/Src/main.c:396:6:Update_LED	8	static
../Core/Src/main.c:404:6:Timer6_test	8	static
../Core/Src/main.c:416:10:Get_timer6_us	16	static
../Core/Src/main.c:422:6:PumpCtrl	8	static
../Core/Src/main.c:479:6:PumpGPIO	16	static
../Core/Src/main.c:540:6:BootstrapCharge	16	static
../Core/Src/main.c:555:6:Pumpoff	16	static
../Core/Src/main.c:582:6:Readflow	24	static
../Core/Src/main.c:591:6:ValveCtrl	16	static
../Core/Src/main.c:615:6:ValveGPIO	16	static
../Core/Src/main.c:651:6:Error_Handler	4	static,ignoring_inline_asm
